../Drivers/STM32G4xx_HAL_Driver/Src/stm32g4xx_hal.c:221:13:HAL_MspInit	0	static
../Drivers/STM32G4xx_HAL_Driver/Src/stm32g4xx_hal.c:232:13:HAL_MspDeInit	0	static
../Drivers/STM32G4xx_HAL_Driver/Src/stm32g4xx_hal.c:192:19:HAL_DeInit	8	static
../Drivers/STM32G4xx_HAL_Driver/Src/stm32g4xx_hal.c:255:26:HAL_InitTick	16	static
../Drivers/STM32G4xx_HAL_Driver/Src/stm32g4xx_hal.c:148:19:HAL_Init	8	static
../Drivers/STM32G4xx_HAL_Driver/Src/stm32g4xx_hal.c:322:13:HAL_IncTick	0	static
../Drivers/STM32G4xx_HAL_Driver/Src/stm32g4xx_hal.c:333:17:HAL_GetTick	0	static
../Drivers/STM32G4xx_HAL_Driver/Src/stm32g4xx_hal.c:342:10:HAL_GetTickPrio	0	static
../Drivers/STM32G4xx_HAL_Driver/Src/stm32g4xx_hal.c:351:19:HAL_SetTickFreq	16	static
../Drivers/STM32G4xx_HAL_Driver/Src/stm32g4xx_hal.c:383:10:HAL_GetTickFreq	0	static
../Drivers/STM32G4xx_HAL_Driver/Src/stm32g4xx_hal.c:399:13:HAL_Delay	16	static
../Drivers/STM32G4xx_HAL_Driver/Src/stm32g4xx_hal.c:425:13:HAL_SuspendTick	0	static
../Drivers/STM32G4xx_HAL_Driver/Src/stm32g4xx_hal.c:441:13:HAL_ResumeTick	0	static
../Drivers/STM32G4xx_HAL_Driver/Src/stm32g4xx_hal.c:451:10:HAL_GetHalVersion	0	static
../Drivers/STM32G4xx_HAL_Driver/Src/stm32g4xx_hal.c:460:10:HAL_GetREVID	0	static
../Drivers/STM32G4xx_HAL_Driver/Src/stm32g4xx_hal.c:469:10:HAL_GetDEVID	0	static
../Drivers/STM32G4xx_HAL_Driver/Src/stm32g4xx_hal.c:498:6:HAL_DBGMCU_EnableDBGSleepMode	0	static
../Drivers/STM32G4xx_HAL_Driver/Src/stm32g4xx_hal.c:507:6:HAL_DBGMCU_DisableDBGSleepMode	0	static
../Drivers/STM32G4xx_HAL_Driver/Src/stm32g4xx_hal.c:516:6:HAL_DBGMCU_EnableDBGStopMode	0	static
../Drivers/STM32G4xx_HAL_Driver/Src/stm32g4xx_hal.c:525:6:HAL_DBGMCU_DisableDBGStopMode	0	static
../Drivers/STM32G4xx_HAL_Driver/Src/stm32g4xx_hal.c:534:6:HAL_DBGMCU_EnableDBGStandbyMode	0	static
../Drivers/STM32G4xx_HAL_Driver/Src/stm32g4xx_hal.c:543:6:HAL_DBGMCU_DisableDBGStandbyMode	0	static
../Drivers/STM32G4xx_HAL_Driver/Src/stm32g4xx_hal.c:576:6:HAL_SYSCFG_CCMSRAMErase	0	static
../Drivers/STM32G4xx_HAL_Driver/Src/stm32g4xx_hal.c:595:6:HAL_SYSCFG_EnableMemorySwappingBank	0	static
../Drivers/STM32G4xx_HAL_Driver/Src/stm32g4xx_hal.c:610:6:HAL_SYSCFG_DisableMemorySwappingBank	0	static
../Drivers/STM32G4xx_HAL_Driver/Src/stm32g4xx_hal.c:628:6:HAL_SYSCFG_VREFBUF_VoltageScalingConfig	8	static
../Drivers/STM32G4xx_HAL_Driver/Src/stm32g4xx_hal.c:644:6:HAL_SYSCFG_VREFBUF_HighImpedanceConfig	8	static
../Drivers/STM32G4xx_HAL_Driver/Src/stm32g4xx_hal.c:658:6:HAL_SYSCFG_VREFBUF_TrimmingConfig	8	static
../Drivers/STM32G4xx_HAL_Driver/Src/stm32g4xx_hal.c:670:19:HAL_SYSCFG_EnableVREFBUF	16	static
../Drivers/STM32G4xx_HAL_Driver/Src/stm32g4xx_hal.c:696:6:HAL_SYSCFG_DisableVREFBUF	0	static
../Drivers/STM32G4xx_HAL_Driver/Src/stm32g4xx_hal.c:707:6:HAL_SYSCFG_EnableIOSwitchBooster	0	static
../Drivers/STM32G4xx_HAL_Driver/Src/stm32g4xx_hal.c:717:6:HAL_SYSCFG_DisableIOSwitchBooster	0	static
../Drivers/STM32G4xx_HAL_Driver/Src/stm32g4xx_hal.c:727:6:HAL_SYSCFG_EnableIOSwitchVDD	0	static
../Drivers/STM32G4xx_HAL_Driver/Src/stm32g4xx_hal.c:737:6:HAL_SYSCFG_DisableIOSwitchVDD	0	static
../Drivers/STM32G4xx_HAL_Driver/Src/stm32g4xx_hal.c:748:6:HAL_SYSCFG_CCMSRAM_WriteProtectionEnable	8	static
