../Drivers/STM32G4xx_HAL_Driver/Src/stm32g4xx_hal_cortex.c:163:6:HAL_NVIC_SetPriorityGrouping	8	static
../Drivers/STM32G4xx_HAL_Driver/Src/stm32g4xx_hal_cortex.c:185:6:HAL_NVIC_SetPriority	16	static
../Drivers/STM32G4xx_HAL_Driver/Src/stm32g4xx_hal_cortex.c:207:6:HAL_NVIC_EnableIRQ	0	static
../Drivers/STM32G4xx_HAL_Driver/Src/stm32g4xx_hal_cortex.c:223:6:HAL_NVIC_DisableIRQ	0	static
../Drivers/STM32G4xx_HAL_Driver/Src/stm32g4xx_hal_cortex.c:236:6:HAL_NVIC_SystemReset	0	static
../Drivers/STM32G4xx_HAL_Driver/Src/stm32g4xx_hal_cortex.c:249:10:HAL_SYSTICK_Config	0	static
../Drivers/STM32G4xx_HAL_Driver/Src/stm32g4xx_hal_cortex.c:277:10:HAL_NVIC_GetPriorityGrouping	0	static
../Drivers/STM32G4xx_HAL_Driver/Src/stm32g4xx_hal_cortex.c:304:6:HAL_NVIC_GetPriority	24	static
../Drivers/STM32G4xx_HAL_Driver/Src/stm32g4xx_hal_cortex.c:319:6:HAL_NVIC_SetPendingIRQ	0	static
../Drivers/STM32G4xx_HAL_Driver/Src/stm32g4xx_hal_cortex.c:337:10:HAL_NVIC_GetPendingIRQ	8	static
../Drivers/STM32G4xx_HAL_Driver/Src/stm32g4xx_hal_cortex.c:353:6:HAL_NVIC_ClearPendingIRQ	0	static
../Drivers/STM32G4xx_HAL_Driver/Src/stm32g4xx_hal_cortex.c:370:10:HAL_NVIC_GetActive	0	static
../Drivers/STM32G4xx_HAL_Driver/Src/stm32g4xx_hal_cortex.c:384:6:HAL_SYSTICK_CLKSourceConfig	8	static
../Drivers/STM32G4xx_HAL_Driver/Src/stm32g4xx_hal_cortex.c:411:13:HAL_SYSTICK_Callback	0	static
../Drivers/STM32G4xx_HAL_Driver/Src/stm32g4xx_hal_cortex.c:402:6:HAL_SYSTICK_IRQHandler	8	static
../Drivers/STM32G4xx_HAL_Driver/Src/stm32g4xx_hal_cortex.c:430:6:HAL_MPU_Enable	0	static
../Drivers/STM32G4xx_HAL_Driver/Src/stm32g4xx_hal_cortex.c:445:6:HAL_MPU_Disable	0	static
../Drivers/STM32G4xx_HAL_Driver/Src/stm32g4xx_hal_cortex.c:461:6:HAL_MPU_ConfigRegion	8	static
