../Drivers/STM32G4xx_HAL_Driver/Src/stm32g4xx_hal_pwr_ex.c:109:10:HAL_PWREx_GetVoltageRange	0	static
../Drivers/STM32G4xx_HAL_Driver/Src/stm32g4xx_hal_pwr_ex.c:153:19:HAL_PWREx_ControlVoltageScaling	8	static
../Drivers/STM32G4xx_HAL_Driver/Src/stm32g4xx_hal_pwr_ex.c:238:6:HAL_PWREx_EnableBatteryCharging	8	static
../Drivers/STM32G4xx_HAL_Driver/Src/stm32g4xx_hal_pwr_ex.c:254:6:HAL_PWREx_DisableBatteryCharging	0	static
../Drivers/STM32G4xx_HAL_Driver/Src/stm32g4xx_hal_pwr_ex.c:264:6:HAL_PWREx_EnableInternalWakeUpLine	0	static
../Drivers/STM32G4xx_HAL_Driver/Src/stm32g4xx_hal_pwr_ex.c:274:6:HAL_PWREx_DisableInternalWakeUpLine	0	static
../Drivers/STM32G4xx_HAL_Driver/Src/stm32g4xx_hal_pwr_ex.c:302:19:HAL_PWREx_EnableGPIOPullUp	16	static
../Drivers/STM32G4xx_HAL_Driver/Src/stm32g4xx_hal_pwr_ex.c:363:19:HAL_PWREx_DisableGPIOPullUp	16	static
../Drivers/STM32G4xx_HAL_Driver/Src/stm32g4xx_hal_pwr_ex.c:424:19:HAL_PWREx_EnableGPIOPullDown	16	static
../Drivers/STM32G4xx_HAL_Driver/Src/stm32g4xx_hal_pwr_ex.c:485:19:HAL_PWREx_DisableGPIOPullDown	16	static
../Drivers/STM32G4xx_HAL_Driver/Src/stm32g4xx_hal_pwr_ex.c:535:6:HAL_PWREx_EnablePullUpPullDownConfig	0	static
../Drivers/STM32G4xx_HAL_Driver/Src/stm32g4xx_hal_pwr_ex.c:547:6:HAL_PWREx_DisablePullUpPullDownConfig	0	static
../Drivers/STM32G4xx_HAL_Driver/Src/stm32g4xx_hal_pwr_ex.c:560:6:HAL_PWREx_EnableSRAM2ContentRetention	0	static
../Drivers/STM32G4xx_HAL_Driver/Src/stm32g4xx_hal_pwr_ex.c:572:6:HAL_PWREx_DisableSRAM2ContentRetention	0	static
../Drivers/STM32G4xx_HAL_Driver/Src/stm32g4xx_hal_pwr_ex.c:585:6:HAL_PWREx_EnablePVM1	0	static
../Drivers/STM32G4xx_HAL_Driver/Src/stm32g4xx_hal_pwr_ex.c:594:6:HAL_PWREx_DisablePVM1	0	static
../Drivers/STM32G4xx_HAL_Driver/Src/stm32g4xx_hal_pwr_ex.c:606:6:HAL_PWREx_EnablePVM2	0	static
../Drivers/STM32G4xx_HAL_Driver/Src/stm32g4xx_hal_pwr_ex.c:615:6:HAL_PWREx_DisablePVM2	0	static
../Drivers/STM32G4xx_HAL_Driver/Src/stm32g4xx_hal_pwr_ex.c:626:6:HAL_PWREx_EnablePVM3	0	static
../Drivers/STM32G4xx_HAL_Driver/Src/stm32g4xx_hal_pwr_ex.c:635:6:HAL_PWREx_DisablePVM3	0	static
../Drivers/STM32G4xx_HAL_Driver/Src/stm32g4xx_hal_pwr_ex.c:645:6:HAL_PWREx_EnablePVM4	0	static
../Drivers/STM32G4xx_HAL_Driver/Src/stm32g4xx_hal_pwr_ex.c:654:6:HAL_PWREx_DisablePVM4	0	static
../Drivers/STM32G4xx_HAL_Driver/Src/stm32g4xx_hal_pwr_ex.c:674:19:HAL_PWREx_ConfigPVM	8	static
../Drivers/STM32G4xx_HAL_Driver/Src/stm32g4xx_hal_pwr_ex.c:835:6:HAL_PWREx_EnableLowPowerRunMode	0	static
../Drivers/STM32G4xx_HAL_Driver/Src/stm32g4xx_hal_pwr_ex.c:850:19:HAL_PWREx_DisableLowPowerRunMode	0	static
../Drivers/STM32G4xx_HAL_Driver/Src/stm32g4xx_hal_pwr_ex.c:894:6:HAL_PWREx_EnterSTOP0Mode	8	static
../Drivers/STM32G4xx_HAL_Driver/Src/stm32g4xx_hal_pwr_ex.c:945:6:HAL_PWREx_EnterSTOP1Mode	8	static
../Drivers/STM32G4xx_HAL_Driver/Src/stm32g4xx_hal_pwr_ex.c:986:6:HAL_PWREx_EnterSHUTDOWNMode	0	static
../Drivers/STM32G4xx_HAL_Driver/Src/stm32g4xx_hal_pwr_ex.c:1067:13:HAL_PWREx_PVM1Callback	0	static
../Drivers/STM32G4xx_HAL_Driver/Src/stm32g4xx_hal_pwr_ex.c:1080:13:HAL_PWREx_PVM2Callback	0	static
../Drivers/STM32G4xx_HAL_Driver/Src/stm32g4xx_hal_pwr_ex.c:1092:13:HAL_PWREx_PVM3Callback	0	static
../Drivers/STM32G4xx_HAL_Driver/Src/stm32g4xx_hal_pwr_ex.c:1103:13:HAL_PWREx_PVM4Callback	0	static
../Drivers/STM32G4xx_HAL_Driver/Src/stm32g4xx_hal_pwr_ex.c:1011:6:HAL_PWREx_PVD_PVM_IRQHandler	8	static
../Drivers/STM32G4xx_HAL_Driver/Src/stm32g4xx_hal_pwr_ex.c:1115:6:HAL_PWREx_EnableUCPDStandbyMode	0	static
../Drivers/STM32G4xx_HAL_Driver/Src/stm32g4xx_hal_pwr_ex.c:1127:6:HAL_PWREx_DisableUCPDStandbyMode	0	static
../Drivers/STM32G4xx_HAL_Driver/Src/stm32g4xx_hal_pwr_ex.c:1141:6:HAL_PWREx_EnableUCPDDeadBattery	0	static
../Drivers/STM32G4xx_HAL_Driver/Src/stm32g4xx_hal_pwr_ex.c:1157:6:HAL_PWREx_DisableUCPDDeadBattery	0	static
