Archive member included to satisfy reference by file (symbol)

/usr/share/gcc-arm-none-eabi/bin/../lib/gcc/arm-none-eabi/10.3.1/../../../../arm-none-eabi/lib/thumb/v7e-m+fp/hard/libm.a(lib_a-sf_sin.o)
                              ./Core/App/testClass.o (sinf)
/usr/share/gcc-arm-none-eabi/bin/../lib/gcc/arm-none-eabi/10.3.1/../../../../arm-none-eabi/lib/thumb/v7e-m+fp/hard/libm.a(lib_a-ef_rem_pio2.o)
                              /usr/share/gcc-arm-none-eabi/bin/../lib/gcc/arm-none-eabi/10.3.1/../../../../arm-none-eabi/lib/thumb/v7e-m+fp/hard/libm.a(lib_a-sf_sin.o) (__ieee754_rem_pio2f)
/usr/share/gcc-arm-none-eabi/bin/../lib/gcc/arm-none-eabi/10.3.1/../../../../arm-none-eabi/lib/thumb/v7e-m+fp/hard/libm.a(lib_a-kf_cos.o)
                              /usr/share/gcc-arm-none-eabi/bin/../lib/gcc/arm-none-eabi/10.3.1/../../../../arm-none-eabi/lib/thumb/v7e-m+fp/hard/libm.a(lib_a-sf_sin.o) (__kernel_cosf)
/usr/share/gcc-arm-none-eabi/bin/../lib/gcc/arm-none-eabi/10.3.1/../../../../arm-none-eabi/lib/thumb/v7e-m+fp/hard/libm.a(lib_a-kf_rem_pio2.o)
                              /usr/share/gcc-arm-none-eabi/bin/../lib/gcc/arm-none-eabi/10.3.1/../../../../arm-none-eabi/lib/thumb/v7e-m+fp/hard/libm.a(lib_a-ef_rem_pio2.o) (__kernel_rem_pio2f)
/usr/share/gcc-arm-none-eabi/bin/../lib/gcc/arm-none-eabi/10.3.1/../../../../arm-none-eabi/lib/thumb/v7e-m+fp/hard/libm.a(lib_a-kf_sin.o)
                              /usr/share/gcc-arm-none-eabi/bin/../lib/gcc/arm-none-eabi/10.3.1/../../../../arm-none-eabi/lib/thumb/v7e-m+fp/hard/libm.a(lib_a-sf_sin.o) (__kernel_sinf)
/usr/share/gcc-arm-none-eabi/bin/../lib/gcc/arm-none-eabi/10.3.1/../../../../arm-none-eabi/lib/thumb/v7e-m+fp/hard/libm.a(lib_a-sf_fabs.o)
                              /usr/share/gcc-arm-none-eabi/bin/../lib/gcc/arm-none-eabi/10.3.1/../../../../arm-none-eabi/lib/thumb/v7e-m+fp/hard/libm.a(lib_a-ef_rem_pio2.o) (fabsf)
/usr/share/gcc-arm-none-eabi/bin/../lib/gcc/arm-none-eabi/10.3.1/../../../../arm-none-eabi/lib/thumb/v7e-m+fp/hard/libm.a(lib_a-sf_floor.o)
                              /usr/share/gcc-arm-none-eabi/bin/../lib/gcc/arm-none-eabi/10.3.1/../../../../arm-none-eabi/lib/thumb/v7e-m+fp/hard/libm.a(lib_a-kf_rem_pio2.o) (floorf)
/usr/share/gcc-arm-none-eabi/bin/../lib/gcc/arm-none-eabi/10.3.1/../../../../arm-none-eabi/lib/thumb/v7e-m+fp/hard/libm.a(lib_a-sf_scalbn.o)
                              /usr/share/gcc-arm-none-eabi/bin/../lib/gcc/arm-none-eabi/10.3.1/../../../../arm-none-eabi/lib/thumb/v7e-m+fp/hard/libm.a(lib_a-kf_rem_pio2.o) (scalbnf)
/usr/share/gcc-arm-none-eabi/bin/../lib/gcc/arm-none-eabi/10.3.1/../../../../arm-none-eabi/lib/thumb/v7e-m+fp/hard/libc_nano.a(lib_a-errno.o)
                              ./Core/Src/syscalls.o (__errno)
/usr/share/gcc-arm-none-eabi/bin/../lib/gcc/arm-none-eabi/10.3.1/../../../../arm-none-eabi/lib/thumb/v7e-m+fp/hard/libc_nano.a(lib_a-exit.o)
                              /usr/share/gcc-arm-none-eabi/bin/../lib/gcc/arm-none-eabi/10.3.1/../../../../arm-none-eabi/lib/thumb/v7e-m+fp/hard/crt0.o (exit)
/usr/share/gcc-arm-none-eabi/bin/../lib/gcc/arm-none-eabi/10.3.1/../../../../arm-none-eabi/lib/thumb/v7e-m+fp/hard/libc_nano.a(lib_a-impure.o)
                              /usr/share/gcc-arm-none-eabi/bin/../lib/gcc/arm-none-eabi/10.3.1/../../../../arm-none-eabi/lib/thumb/v7e-m+fp/hard/libc_nano.a(lib_a-exit.o) (_global_impure_ptr)
/usr/share/gcc-arm-none-eabi/bin/../lib/gcc/arm-none-eabi/10.3.1/../../../../arm-none-eabi/lib/thumb/v7e-m+fp/hard/libc_nano.a(lib_a-init.o)
                              /usr/share/gcc-arm-none-eabi/bin/../lib/gcc/arm-none-eabi/10.3.1/../../../../arm-none-eabi/lib/thumb/v7e-m+fp/hard/crt0.o (__libc_init_array)
/usr/share/gcc-arm-none-eabi/bin/../lib/gcc/arm-none-eabi/10.3.1/../../../../arm-none-eabi/lib/thumb/v7e-m+fp/hard/libc_nano.a(lib_a-memset.o)
                              /usr/share/gcc-arm-none-eabi/bin/../lib/gcc/arm-none-eabi/10.3.1/../../../../arm-none-eabi/lib/thumb/v7e-m+fp/hard/crt0.o (memset)
/usr/share/gcc-arm-none-eabi/bin/../lib/gcc/arm-none-eabi/10.3.1/thumb/v7e-m+fp/hard/libgcc.a(_arm_addsubdf3.o)
                              ./Core/App/maincpp.o (__aeabi_f2d)
/usr/share/gcc-arm-none-eabi/bin/../lib/gcc/arm-none-eabi/10.3.1/thumb/v7e-m+fp/hard/libgcc.a(_arm_cmpdf2.o)
                              ./Core/App/maincpp.o (__aeabi_dcmpgt)

Discarded input sections

 .text          0x0000000000000000        0x0 /usr/share/gcc-arm-none-eabi/bin/../lib/gcc/arm-none-eabi/10.3.1/thumb/v7e-m+fp/hard/crti.o
 .data          0x0000000000000000        0x0 /usr/share/gcc-arm-none-eabi/bin/../lib/gcc/arm-none-eabi/10.3.1/thumb/v7e-m+fp/hard/crti.o
 .bss           0x0000000000000000        0x0 /usr/share/gcc-arm-none-eabi/bin/../lib/gcc/arm-none-eabi/10.3.1/thumb/v7e-m+fp/hard/crti.o
 .data          0x0000000000000000        0x4 /usr/share/gcc-arm-none-eabi/bin/../lib/gcc/arm-none-eabi/10.3.1/thumb/v7e-m+fp/hard/crtbegin.o
[...]
Memory Configuration

Name             Origin             Length             Attributes
RAM              0x0000000020000000 0x0000000000020000 xrw
FLASH            0x0000000008000000 0x0000000000040000 xr
*default*        0x0000000000000000 0xffffffffffffffff

Linker script and memory map

LOAD /usr/share/gcc-arm-none-eabi/bin/../lib/gcc/arm-none-eabi/10.3.1/thumb/v7e-m+fp/hard/crti.o
LOAD /usr/share/gcc-arm-none-eabi/bin/../lib/gcc/arm-none-eabi/10.3.1/thumb/v7e-m+fp/hard/crtbegin.o
LOAD /usr/share/gcc-arm-none-eabi/bin/../lib/gcc/arm-none-eabi/10.3.1/../../../../arm-none-eabi/lib/thumb/v7e-m+fp/hard/crt0.o
LOAD ./Core/App/maincpp.o
LOAD ./Core/App/testClass.o
LOAD ./Core/Src/main.o
LOAD ./Core/Src/stm32g4xx_hal_msp.o
LOAD ./Core/Src/stm32g4xx_it.o
LOAD ./Core/Src/syscalls.o
LOAD ./Core/Src/sysmem.o
LOAD ./Core/Src/system_stm32g4xx.o
LOAD ./Core/Startup/startup_stm32g474ccux.o
LOAD ./Drivers/STM32G4xx_HAL_Driver/Src/stm32g4xx_hal.o
LOAD ./Drivers/STM32G4xx_HAL_Driver/Src/stm32g4xx_hal_cortex.o
LOAD ./Drivers/STM32G4xx_HAL_Driver/Src/stm32g4xx_hal_dma.o
LOAD ./Drivers/STM32G4xx_HAL_Driver/Src/stm32g4xx_hal_dma_ex.o
LOAD ./Drivers/STM32G4xx_HAL_Driver/Src/stm32g4xx_hal_exti.o
LOAD ./Drivers/STM32G4xx_HAL_Driver/Src/stm32g4xx_hal_flash.o
LOAD ./Drivers/STM32G4xx_HAL_Driver/Src/stm32g4xx_hal_flash_ex.o
LOAD ./Drivers/STM32G4xx_HAL_Driver/Src/stm32g4xx_hal_flash_ramfunc.o
LOAD ./Drivers/STM32G4xx_HAL_Driver/Src/stm32g4xx_hal_gpio.o
LOAD ./Drivers/STM32G4xx_HAL_Driver/Src/stm32g4xx_hal_pwr.o
LOAD ./Drivers/STM32G4xx_HAL_Driver/Src/stm32g4xx_hal_pwr_ex.o
LOAD ./Drivers/STM32G4xx_HAL_Driver/Src/stm32g4xx_hal_rcc.o
LOAD ./Drivers/STM32G4xx_HAL_Driver/Src/stm32g4xx_hal_rcc_ex.o
LOAD ./Drivers/STM32G4xx_HAL_Driver/Src/stm32g4xx_hal_tim.o
LOAD ./Drivers/STM32G4xx_HAL_Driver/Src/stm32g4xx_hal_tim_ex.o
LOAD ./Drivers/STM32G4xx_HAL_Driver/Src/stm32g4xx_ll_exti.o
LOAD ./Drivers/STM32G4xx_HAL_Driver/Src/stm32g4xx_ll_gpio.o
LOAD ./Drivers/STM32G4xx_HAL_Driver/Src/stm32g4xx_ll_utils.o
START GROUP
LOAD /usr/share/gcc-arm-none-eabi/bin/../lib/gcc/arm-none-eabi/10.3.1/../../../../arm-none-eabi/lib/thumb/v7e-m+fp/hard/libstdc++_nano.a
LOAD /usr/share/gcc-arm-none-eabi/bin/../lib/gcc/arm-none-eabi/10.3.1/../../../../arm-none-eabi/lib/thumb/v7e-m+fp/hard/libsupc++_nano.a
END GROUP
LOAD /usr/share/gcc-arm-none-eabi/bin/../lib/gcc/arm-none-eabi/10.3.1/../../../../arm-none-eabi/lib/thumb/v7e-m+fp/hard/libstdc++_nano.a
LOAD /usr/share/gcc-arm-none-eabi/bin/../lib/gcc/arm-none-eabi/10.3.1/../../../../arm-none-eabi/lib/thumb/v7e-m+fp/hard/libm.a
LOAD /usr/share/gcc-arm-none-eabi/bin/../lib/gcc/arm-none-eabi/10.3.1/../../../../arm-none-eabi/lib/thumb/v7e-m+fp/hard/libc_nano.a
START GROUP
LOAD /usr/share/gcc-arm-none-eabi/bin/../lib/gcc/arm-none-eabi/10.3.1/thumb/v7e-m+fp/hard/libgcc.a
LOAD /usr/share/gcc-arm-none-eabi/bin/../lib/gcc/arm-none-eabi/10.3.1/../../../../arm-none-eabi/lib/thumb/v7e-m+fp/hard/libc_nano.a
END GROUP
START GROUP
LOAD /usr/share/gcc-arm-none-eabi/bin/../lib/gcc/arm-none-eabi/10.3.1/thumb/v7e-m+fp/hard/libgcc.a
LOAD /usr/share/gcc-arm-none-eabi/bin/../lib/gcc/arm-none-eabi/10.3.1/../../../../arm-none-eabi/lib/thumb/v7e-m+fp/hard/libc_nano.a
LOAD /usr/share/gcc-arm-none-eabi/bin/../lib/gcc/arm-none-eabi/10.3.1/../../../../arm-none-eabi/lib/thumb/v7e-m+fp/hard/libnosys.a
END GROUP
START GROUP
LOAD /usr/share/gcc-arm-none-eabi/bin/../lib/gcc/arm-none-eabi/10.3.1/thumb/v7e-m+fp/hard/libgcc.a
LOAD /usr/share/gcc-arm-none-eabi/bin/../lib/gcc/arm-none-eabi/10.3.1/../../../../arm-none-eabi/lib/thumb/v7e-m+fp/hard/libc_nano.a
LOAD /usr/share/gcc-arm-none-eabi/bin/../lib/gcc/arm-none-eabi/10.3.1/../../../../arm-none-eabi/lib/thumb/v7e-m+fp/hard/libnosys.a
END GROUP
LOAD /usr/share/gcc-arm-none-eabi/bin/../lib/gcc/arm-none-eabi/10.3.1/thumb/v7e-m+fp/hard/crtend.o
LOAD /usr/share/gcc-arm-none-eabi/bin/../lib/gcc/arm-none-eabi/10.3.1/thumb/v7e-m+fp/hard/crtn.o
                0x0000000020020000                _estack = (ORIGIN (RAM) + LENGTH (RAM))
                0x0000000000000200                _Min_Heap_Size = 0x200
                0x0000000000000400                _Min_Stack_Size = 0x400

.isr_vector     0x0000000008000000      0x1d8
                0x0000000008000000                . = ALIGN (0x4)
 *(.isr_vector)
 .isr_vector    0x0000000008000000      0x1d8 ./Core/Startup/startup_stm32g474ccux.o
                0x0000000008000000                g_pfnVectors
                0x00000000080001d8                . = ALIGN (0x4)

.text           0x00000000080001d8     0x2be0
                0x00000000080001d8                . = ALIGN (0x4)
 *(.text)
 .text          0x00000000080001d8       0x40 /usr/share/gcc-arm-none-eabi/bin/../lib/gcc/arm-none-eabi/10.3.1/thumb/v7e-m+fp/hard/crtbegin.o
 .text          0x0000000008000218      0x378 /usr/share/gcc-arm-none-eabi/bin/../lib/gcc/arm-none-eabi/10.3.1/thumb/v7e-m+fp/hard/libgcc.a(_arm_addsubdf3.o)
                0x0000000008000218                __aeabi_drsub
                0x0000000008000220                __aeabi_dsub
                0x0000000008000220                __subdf3
                0x0000000008000224                __adddf3
                0x0000000008000224                __aeabi_dadd
                0x000000000800049c                __aeabi_ui2d
                0x000000000800049c                __floatunsidf
                0x00000000080004bc                __floatsidf
                0x00000000080004bc                __aeabi_i2d
                0x00000000080004e0                __extendsfdf2
                0x00000000080004e0                __aeabi_f2d
                0x0000000008000524                __aeabi_ul2d
                0x0000000008000524                __floatundidf
                0x0000000008000534                __floatdidf
                0x0000000008000534                __aeabi_l2d
 .text          0x0000000008000590      0x110 /usr/share/gcc-arm-none-eabi/bin/../lib/gcc/arm-none-eabi/10.3.1/thumb/v7e-m+fp/hard/libgcc.a(_arm_cmpdf2.o)
                0x0000000008000590                __gtdf2
                0x0000000008000590                __gedf2
                0x0000000008000598                __ltdf2
                0x0000000008000598                __ledf2
                0x00000000080005a0                __cmpdf2
                0x00000000080005a0                __eqdf2
                0x00000000080005a0                __nedf2
                0x000000000800061c                __aeabi_cdrcmple
                0x000000000800062c                __aeabi_cdcmple
                0x000000000800062c                __aeabi_cdcmpeq
                0x000000000800063c                __aeabi_dcmpeq
                0x0000000008000650                __aeabi_dcmplt
                0x0000000008000664                __aeabi_dcmple
                0x0000000008000678                __aeabi_dcmpge
                0x000000000800068c                __aeabi_dcmpgt
 *(.text*)
 .text.maincpp  0x00000000080006a0       0xa4 ./Core/App/maincpp.o
                0x00000000080006a0                maincpp
 .text._ZN9TestClass6getSinEf
                0x0000000008000744       0x22 ./Core/App/testClass.o
                0x0000000008000744                TestClass::getSin(float)
 .text.LL_GPIO_ResetOutputPin
                0x0000000008000766       0x1c ./Core/Src/main.o
 *fill*         0x0000000008000782        0x2 
 .text.LL_AHB2_GRP1_EnableClock
                0x0000000008000784       0x30 ./Core/Src/main.o
 .text.main     0x00000000080007b4       0x16 ./Core/Src/main.o
                0x00000000080007b4                main
 .text.SystemClock_Config
                0x00000000080007ca       0x98 ./Core/Src/main.o
                0x00000000080007ca                SystemClock_Config
 *fill*         0x0000000008000862        0x2 
 .text.MX_GPIO_Init
                0x0000000008000864       0x84 ./Core/Src/main.o
 .text.Error_Handler
                0x00000000080008e8        0xa ./Core/Src/main.o
                0x00000000080008e8                Error_Handler
 .text.assert_failed
                0x00000000080008f2       0x16 ./Core/Src/main.o
                0x00000000080008f2                assert_failed
 .text.HAL_MspInit
                0x0000000008000908       0x48 ./Core/Src/stm32g4xx_hal_msp.o
                0x0000000008000908                HAL_MspInit
 .text.NMI_Handler
                0x0000000008000950        0x6 ./Core/Src/stm32g4xx_it.o
                0x0000000008000950                NMI_Handler
 .text.HardFault_Handler
                0x0000000008000956        0x6 ./Core/Src/stm32g4xx_it.o
                0x0000000008000956                HardFault_Handler
 .text.MemManage_Handler
                0x000000000800095c        0x6 ./Core/Src/stm32g4xx_it.o
                0x000000000800095c                MemManage_Handler
 .text.BusFault_Handler
                0x0000000008000962        0x6 ./Core/Src/stm32g4xx_it.o
                0x0000000008000962                BusFault_Handler
 .text.UsageFault_Handler
                0x0000000008000968        0x6 ./Core/Src/stm32g4xx_it.o
                0x0000000008000968                UsageFault_Handler
 .text.SVC_Handler
                0x000000000800096e        0xe ./Core/Src/stm32g4xx_it.o
                0x000000000800096e                SVC_Handler
 .text.DebugMon_Handler
                0x000000000800097c        0xe ./Core/Src/stm32g4xx_it.o
                0x000000000800097c                DebugMon_Handler
 .text.PendSV_Handler
                0x000000000800098a        0xe ./Core/Src/stm32g4xx_it.o
                0x000000000800098a                PendSV_Handler
 .text.SysTick_Handler
                0x0000000008000998        0xc ./Core/Src/stm32g4xx_it.o
                0x0000000008000998                SysTick_Handler
 .text.SystemInit
                0x00000000080009a4       0x24 ./Core/Src/system_stm32g4xx.o
                0x00000000080009a4                SystemInit
 .text.Reset_Handler
                0x00000000080009c8       0x50 ./Core/Startup/startup_stm32g474ccux.o
                0x00000000080009c8                Reset_Handler
 .text.Default_Handler
                0x0000000008000a18        0x2 ./Core/Startup/startup_stm32g474ccux.o
                0x0000000008000a18                RTC_Alarm_IRQHandler
                0x0000000008000a18                EXTI2_IRQHandler
                0x0000000008000a18                TIM8_TRG_COM_IRQHandler
                0x0000000008000a18                TIM8_CC_IRQHandler
                0x0000000008000a18                HRTIM1_Master_IRQHandler
                0x0000000008000a18                SPI4_IRQHandler
                0x0000000008000a18                FDCAN3_IT0_IRQHandler
                0x0000000008000a18                TIM1_CC_IRQHandler
                0x0000000008000a18                HRTIM1_FLT_IRQHandler
                0x0000000008000a18                HRTIM1_TIMF_IRQHandler
                0x0000000008000a18                USB_HP_IRQHandler
                0x0000000008000a18                CORDIC_IRQHandler
                0x0000000008000a18                HRTIM1_TIMD_IRQHandler
                0x0000000008000a18                DMA2_Channel8_IRQHandler
                0x0000000008000a18                EXTI3_IRQHandler
                0x0000000008000a18                I2C3_ER_IRQHandler
                0x0000000008000a18                EXTI0_IRQHandler
                0x0000000008000a18                I2C2_EV_IRQHandler
                0x0000000008000a18                FPU_IRQHandler
                0x0000000008000a18                FDCAN1_IT1_IRQHandler
                0x0000000008000a18                TIM1_UP_TIM16_IRQHandler
                0x0000000008000a18                ADC1_2_IRQHandler
                0x0000000008000a18                HRTIM1_TIME_IRQHandler
                0x0000000008000a18                SPI1_IRQHandler
                0x0000000008000a18                TIM6_DAC_IRQHandler
                0x0000000008000a18                HRTIM1_TIMC_IRQHandler
                0x0000000008000a18                TIM8_UP_IRQHandler
                0x0000000008000a18                DMA2_Channel2_IRQHandler
                0x0000000008000a18                DMA1_Channel4_IRQHandler
                0x0000000008000a18                TIM20_TRG_COM_IRQHandler
                0x0000000008000a18                USART3_IRQHandler
                0x0000000008000a18                DMA1_Channel7_IRQHandler
                0x0000000008000a18                UART5_IRQHandler
                0x0000000008000a18                ADC3_IRQHandler
                0x0000000008000a18                TIM4_IRQHandler
                0x0000000008000a18                DMA2_Channel1_IRQHandler
                0x0000000008000a18                QUADSPI_IRQHandler
                0x0000000008000a18                I2C1_EV_IRQHandler
                0x0000000008000a18                DMA1_Channel6_IRQHandler
                0x0000000008000a18                UART4_IRQHandler
                0x0000000008000a18                DMA2_Channel4_IRQHandler
                0x0000000008000a18                TIM3_IRQHandler
                0x0000000008000a18                RCC_IRQHandler
                0x0000000008000a18                TIM20_UP_IRQHandler
                0x0000000008000a18                DMA1_Channel1_IRQHandler
                0x0000000008000a18                Default_Handler
                0x0000000008000a18                DMA2_Channel7_IRQHandler
                0x0000000008000a18                RTC_TAMP_LSECSS_IRQHandler
                0x0000000008000a18                FMAC_IRQHandler
                0x0000000008000a18                EXTI15_10_IRQHandler
                0x0000000008000a18                DMA1_Channel8_IRQHandler
                0x0000000008000a18                HRTIM1_TIMA_IRQHandler
                0x0000000008000a18                TIM7_DAC_IRQHandler
                0x0000000008000a18                FDCAN3_IT1_IRQHandler
                0x0000000008000a18                TIM5_IRQHandler
                0x0000000008000a18                UCPD1_IRQHandler
                0x0000000008000a18                I2C3_EV_IRQHandler
                0x0000000008000a18                EXTI9_5_IRQHandler
                0x0000000008000a18                RTC_WKUP_IRQHandler
                0x0000000008000a18                PVD_PVM_IRQHandler
                0x0000000008000a18                SPI2_IRQHandler
                0x0000000008000a18                ADC5_IRQHandler
                0x0000000008000a18                DMA2_Channel5_IRQHandler
                0x0000000008000a18                CRS_IRQHandler
                0x0000000008000a18                DMA1_Channel5_IRQHandler
                0x0000000008000a18                USB_LP_IRQHandler
                0x0000000008000a18                EXTI4_IRQHandler
                0x0000000008000a18                RNG_IRQHandler
                0x0000000008000a18                HRTIM1_TIMB_IRQHandler
                0x0000000008000a18                TIM1_TRG_COM_TIM17_IRQHandler
                0x0000000008000a18                FDCAN2_IT1_IRQHandler
                0x0000000008000a18                DMA1_Channel3_IRQHandler
                0x0000000008000a18                ADC4_IRQHandler
                0x0000000008000a18                WWDG_IRQHandler
                0x0000000008000a18                I2C4_EV_IRQHandler
                0x0000000008000a18                FDCAN2_IT0_IRQHandler
                0x0000000008000a18                LPUART1_IRQHandler
                0x0000000008000a18                DMA2_Channel6_IRQHandler
                0x0000000008000a18                FDCAN1_IT0_IRQHandler
                0x0000000008000a18                TIM2_IRQHandler
                0x0000000008000a18                COMP7_IRQHandler
                0x0000000008000a18                COMP1_2_3_IRQHandler
                0x0000000008000a18                EXTI1_IRQHandler
                0x0000000008000a18                USART2_IRQHandler
                0x0000000008000a18                COMP4_5_6_IRQHandler
                0x0000000008000a18                TIM20_BRK_IRQHandler
                0x0000000008000a18                I2C2_ER_IRQHandler
                0x0000000008000a18                DMA1_Channel2_IRQHandler
                0x0000000008000a18                TIM8_BRK_IRQHandler
                0x0000000008000a18                FLASH_IRQHandler
                0x0000000008000a18                TIM20_CC_IRQHandler
                0x0000000008000a18                USART1_IRQHandler
                0x0000000008000a18                SPI3_IRQHandler
                0x0000000008000a18                I2C1_ER_IRQHandler
                0x0000000008000a18                FMC_IRQHandler
                0x0000000008000a18                LPTIM1_IRQHandler
                0x0000000008000a18                DMAMUX_OVR_IRQHandler
                0x0000000008000a18                I2C4_ER_IRQHandler
                0x0000000008000a18                USBWakeUp_IRQHandler
                0x0000000008000a18                SAI1_IRQHandler
                0x0000000008000a18                DMA2_Channel3_IRQHandler
                0x0000000008000a18                TIM1_BRK_TIM15_IRQHandler
 .text.HAL_Init
                0x0000000008000a1a       0x30 ./Drivers/STM32G4xx_HAL_Driver/Src/stm32g4xx_hal.o
                0x0000000008000a1a                HAL_Init
 *fill*         0x0000000008000a4a        0x2 
 .text.HAL_InitTick
                0x0000000008000a4c       0x74 ./Drivers/STM32G4xx_HAL_Driver/Src/stm32g4xx_hal.o
                0x0000000008000a4c                HAL_InitTick
 .text.HAL_IncTick
                0x0000000008000ac0       0x24 ./Drivers/STM32G4xx_HAL_Driver/Src/stm32g4xx_hal.o
                0x0000000008000ac0                HAL_IncTick
 .text.HAL_GetTick
                0x0000000008000ae4       0x18 ./Drivers/STM32G4xx_HAL_Driver/Src/stm32g4xx_hal.o
                0x0000000008000ae4                HAL_GetTick
 .text.__NVIC_SetPriorityGrouping
                0x0000000008000afc       0x48 ./Drivers/STM32G4xx_HAL_Driver/Src/stm32g4xx_hal_cortex.o
 .text.__NVIC_GetPriorityGrouping
                0x0000000008000b44       0x1c ./Drivers/STM32G4xx_HAL_Driver/Src/stm32g4xx_hal_cortex.o
 .text.__NVIC_SetPriority
                0x0000000008000b60       0x54 ./Drivers/STM32G4xx_HAL_Driver/Src/stm32g4xx_hal_cortex.o
 .text.NVIC_EncodePriority
                0x0000000008000bb4       0x66 ./Drivers/STM32G4xx_HAL_Driver/Src/stm32g4xx_hal_cortex.o
 *fill*         0x0000000008000c1a        0x2 
 .text.SysTick_Config
                0x0000000008000c1c       0x44 ./Drivers/STM32G4xx_HAL_Driver/Src/stm32g4xx_hal_cortex.o
 .text.HAL_NVIC_SetPriorityGrouping
                0x0000000008000c60       0x40 ./Drivers/STM32G4xx_HAL_Driver/Src/stm32g4xx_hal_cortex.o
                0x0000000008000c60                HAL_NVIC_SetPriorityGrouping
 .text.HAL_NVIC_SetPriority
                0x0000000008000ca0       0x54 ./Drivers/STM32G4xx_HAL_Driver/Src/stm32g4xx_hal_cortex.o
                0x0000000008000ca0                HAL_NVIC_SetPriority
 .text.HAL_SYSTICK_Config
                0x0000000008000cf4       0x18 ./Drivers/STM32G4xx_HAL_Driver/Src/stm32g4xx_hal_cortex.o
                0x0000000008000cf4                HAL_SYSTICK_Config
 .text.HAL_PWREx_ControlVoltageScaling
                0x0000000008000d0c      0x168 ./Drivers/STM32G4xx_HAL_Driver/Src/stm32g4xx_hal_pwr_ex.o
                0x0000000008000d0c                HAL_PWREx_ControlVoltageScaling
 .text.HAL_RCC_OscConfig
                0x0000000008000e74      0x824 ./Drivers/STM32G4xx_HAL_Driver/Src/stm32g4xx_hal_rcc.o
                0x0000000008000e74                HAL_RCC_OscConfig
 .text.HAL_RCC_ClockConfig
                0x0000000008001698      0x400 ./Drivers/STM32G4xx_HAL_Driver/Src/stm32g4xx_hal_rcc.o
                0x0000000008001698                HAL_RCC_ClockConfig
 .text.HAL_RCC_GetSysClockFreq
                0x0000000008001a98       0xc4 ./Drivers/STM32G4xx_HAL_Driver/Src/stm32g4xx_hal_rcc.o
                0x0000000008001a98                HAL_RCC_GetSysClockFreq
 .text.RCC_GetSysClockFreqFromPLLSource
                0x0000000008001b5c       0x8c ./Drivers/STM32G4xx_HAL_Driver/Src/stm32g4xx_hal_rcc.o
 .text.LL_GPIO_SetPinMode
                0x0000000008001be8       0x7a ./Drivers/STM32G4xx_HAL_Driver/Src/stm32g4xx_ll_gpio.o
 .text.LL_GPIO_SetPinOutputType
                0x0000000008001c62       0x30 ./Drivers/STM32G4xx_HAL_Driver/Src/stm32g4xx_ll_gpio.o
 .text.LL_GPIO_SetPinSpeed
                0x0000000008001c92       0x7a ./Drivers/STM32G4xx_HAL_Driver/Src/stm32g4xx_ll_gpio.o
 .text.LL_GPIO_SetPinPull
                0x0000000008001d0c       0x7a ./Drivers/STM32G4xx_HAL_Driver/Src/stm32g4xx_ll_gpio.o
 .text.LL_GPIO_SetAFPin_0_7
                0x0000000008001d86       0x7a ./Drivers/STM32G4xx_HAL_Driver/Src/stm32g4xx_ll_gpio.o
 .text.LL_GPIO_SetAFPin_8_15
                0x0000000008001e00       0x7e ./Drivers/STM32G4xx_HAL_Driver/Src/stm32g4xx_ll_gpio.o
 *fill*         0x0000000008001e7e        0x2 
 .text.LL_GPIO_Init
                0x0000000008001e80      0x268 ./Drivers/STM32G4xx_HAL_Driver/Src/stm32g4xx_ll_gpio.o
                0x0000000008001e80                LL_GPIO_Init
 .text.sinf     0x00000000080020e8       0x74 /usr/share/gcc-arm-none-eabi/bin/../lib/gcc/arm-none-eabi/10.3.1/../../../../arm-none-eabi/lib/thumb/v7e-m+fp/hard/libm.a(lib_a-sf_sin.o)
                0x00000000080020e8                sinf
 .text.__ieee754_rem_pio2f
                0x000000000800215c      0x264 /usr/share/gcc-arm-none-eabi/bin/../lib/gcc/arm-none-eabi/10.3.1/../../../../arm-none-eabi/lib/thumb/v7e-m+fp/hard/libm.a(lib_a-ef_rem_pio2.o)
                0x000000000800215c                __ieee754_rem_pio2f
 .text.__kernel_cosf
                0x00000000080023c0      0x104 /usr/share/gcc-arm-none-eabi/bin/../lib/gcc/arm-none-eabi/10.3.1/../../../../arm-none-eabi/lib/thumb/v7e-m+fp/hard/libm.a(lib_a-kf_cos.o)
                0x00000000080023c0                __kernel_cosf
 .text.__kernel_rem_pio2f
                0x00000000080024c4      0x674 /usr/share/gcc-arm-none-eabi/bin/../lib/gcc/arm-none-eabi/10.3.1/../../../../arm-none-eabi/lib/thumb/v7e-m+fp/hard/libm.a(lib_a-kf_rem_pio2.o)
                0x00000000080024c4                __kernel_rem_pio2f
 .text.__kernel_sinf
                0x0000000008002b38       0x90 /usr/share/gcc-arm-none-eabi/bin/../lib/gcc/arm-none-eabi/10.3.1/../../../../arm-none-eabi/lib/thumb/v7e-m+fp/hard/libm.a(lib_a-kf_sin.o)
                0x0000000008002b38                __kernel_sinf
 .text.fabsf    0x0000000008002bc8       0x10 /usr/share/gcc-arm-none-eabi/bin/../lib/gcc/arm-none-eabi/10.3.1/../../../../arm-none-eabi/lib/thumb/v7e-m+fp/hard/libm.a(lib_a-sf_fabs.o)
                0x0000000008002bc8                fabsf
 .text.floorf   0x0000000008002bd8       0x8c /usr/share/gcc-arm-none-eabi/bin/../lib/gcc/arm-none-eabi/10.3.1/../../../../arm-none-eabi/lib/thumb/v7e-m+fp/hard/libm.a(lib_a-sf_floor.o)
                0x0000000008002bd8                floorf
 .text.scalbnf  0x0000000008002c64       0xe4 /usr/share/gcc-arm-none-eabi/bin/../lib/gcc/arm-none-eabi/10.3.1/../../../../arm-none-eabi/lib/thumb/v7e-m+fp/hard/libm.a(lib_a-sf_scalbn.o)
                0x0000000008002c64                scalbnf
 .text.__libc_init_array
                0x0000000008002d48       0x48 /usr/share/gcc-arm-none-eabi/bin/../lib/gcc/arm-none-eabi/10.3.1/../../../../arm-none-eabi/lib/thumb/v7e-m+fp/hard/libc_nano.a(lib_a-init.o)
                0x0000000008002d48                __libc_init_array
 .text.memset   0x0000000008002d90       0x10 /usr/share/gcc-arm-none-eabi/bin/../lib/gcc/arm-none-eabi/10.3.1/../../../../arm-none-eabi/lib/thumb/v7e-m+fp/hard/libc_nano.a(lib_a-memset.o)
                0x0000000008002d90                memset
 *(.glue_7)
 .glue_7        0x0000000008002da0        0x0 linker stubs
 *(.glue_7t)
 .glue_7t       0x0000000008002da0        0x0 linker stubs
 *(.eh_frame)
 .eh_frame      0x0000000008002da0        0x0 /usr/share/gcc-arm-none-eabi/bin/../lib/gcc/arm-none-eabi/10.3.1/thumb/v7e-m+fp/hard/crtbegin.o
 *(.init)
 .init          0x0000000008002da0        0x4 /usr/share/gcc-arm-none-eabi/bin/../lib/gcc/arm-none-eabi/10.3.1/thumb/v7e-m+fp/hard/crti.o
                0x0000000008002da0                _init
 .init          0x0000000008002da4        0x8 /usr/share/gcc-arm-none-eabi/bin/../lib/gcc/arm-none-eabi/10.3.1/thumb/v7e-m+fp/hard/crtn.o
 *(.fini)
 .fini          0x0000000008002dac        0x4 /usr/share/gcc-arm-none-eabi/bin/../lib/gcc/arm-none-eabi/10.3.1/thumb/v7e-m+fp/hard/crti.o
                0x0000000008002dac                _fini
 .fini          0x0000000008002db0        0x8 /usr/share/gcc-arm-none-eabi/bin/../lib/gcc/arm-none-eabi/10.3.1/thumb/v7e-m+fp/hard/crtn.o
                0x0000000008002db8                . = ALIGN (0x4)
                0x0000000008002db8                _etext = .

.vfp11_veneer   0x0000000008002db8        0x0
 .vfp11_veneer  0x0000000008002db8        0x0 linker stubs

.v4_bx          0x0000000008002db8        0x0
 .v4_bx         0x0000000008002db8        0x0 linker stubs

.iplt           0x0000000008002db8        0x0
 .iplt          0x0000000008002db8        0x0 /usr/share/gcc-arm-none-eabi/bin/../lib/gcc/arm-none-eabi/10.3.1/thumb/v7e-m+fp/hard/crtbegin.o

.rodata         0x0000000008002db8      0x4c8
                0x0000000008002db8                . = ALIGN (0x4)
 *(.rodata)
 .rodata        0x0000000008002db8       0x3b ./Drivers/STM32G4xx_HAL_Driver/Src/stm32g4xx_hal_cortex.o
 *fill*         0x0000000008002df3        0x1 
 .rodata        0x0000000008002df4       0x3b ./Drivers/STM32G4xx_HAL_Driver/Src/stm32g4xx_hal_pwr_ex.o
 *fill*         0x0000000008002e2f        0x1 
 .rodata        0x0000000008002e30       0x38 ./Drivers/STM32G4xx_HAL_Driver/Src/stm32g4xx_hal_rcc.o
 .rodata        0x0000000008002e68       0x38 ./Drivers/STM32G4xx_HAL_Driver/Src/stm32g4xx_ll_gpio.o
 *(.rodata*)
 .rodata.AHBPrescTable
                0x0000000008002ea0       0x10 ./Core/Src/system_stm32g4xx.o
                0x0000000008002ea0                AHBPrescTable
 .rodata.npio2_hw
                0x0000000008002eb0       0x80 /usr/share/gcc-arm-none-eabi/bin/../lib/gcc/arm-none-eabi/10.3.1/../../../../arm-none-eabi/lib/thumb/v7e-m+fp/hard/libm.a(lib_a-ef_rem_pio2.o)
 .rodata.two_over_pi
                0x0000000008002f30      0x318 /usr/share/gcc-arm-none-eabi/bin/../lib/gcc/arm-none-eabi/10.3.1/../../../../arm-none-eabi/lib/thumb/v7e-m+fp/hard/libm.a(lib_a-ef_rem_pio2.o)
 .rodata.PIo2   0x0000000008003248       0x2c /usr/share/gcc-arm-none-eabi/bin/../lib/gcc/arm-none-eabi/10.3.1/../../../../arm-none-eabi/lib/thumb/v7e-m+fp/hard/libm.a(lib_a-kf_rem_pio2.o)
 .rodata.init_jk
                0x0000000008003274        0xc /usr/share/gcc-arm-none-eabi/bin/../lib/gcc/arm-none-eabi/10.3.1/../../../../arm-none-eabi/lib/thumb/v7e-m+fp/hard/libm.a(lib_a-kf_rem_pio2.o)
                0x0000000008003280                . = ALIGN (0x4)

.rel.dyn        0x0000000008003280        0x0
 .rel.iplt      0x0000000008003280        0x0 /usr/share/gcc-arm-none-eabi/bin/../lib/gcc/arm-none-eabi/10.3.1/thumb/v7e-m+fp/hard/crtbegin.o

.ARM.extab      0x0000000008003280        0x0
                0x0000000008003280                . = ALIGN (0x4)
 *(.ARM.extab* .gnu.linkonce.armextab.*)
                0x0000000008003280                . = ALIGN (0x4)

.ARM            0x0000000008003280        0x0
                0x0000000008003280                . = ALIGN (0x4)
                0x0000000008003280                __exidx_start = .
 *(.ARM.exidx*)
                0x0000000008003280                __exidx_end = .
                0x0000000008003280                . = ALIGN (0x4)

.preinit_array  0x0000000008003280        0x0
                0x0000000008003280                . = ALIGN (0x4)
                0x0000000008003280                PROVIDE (__preinit_array_start = .)
 *(.preinit_array*)
                0x0000000008003280                PROVIDE (__preinit_array_end = .)
                0x0000000008003280                . = ALIGN (0x4)

.init_array     0x0000000008003280        0x4
                0x0000000008003280                . = ALIGN (0x4)
                0x0000000008003280                PROVIDE (__init_array_start = .)
 *(SORT_BY_NAME(.init_array.*))
 *(.init_array*)
 .init_array    0x0000000008003280        0x4 /usr/share/gcc-arm-none-eabi/bin/../lib/gcc/arm-none-eabi/10.3.1/thumb/v7e-m+fp/hard/crtbegin.o
                0x0000000008003284                PROVIDE (__init_array_end = .)
                0x0000000008003284                . = ALIGN (0x4)

.fini_array     0x0000000008003284        0x4
                0x0000000008003284                . = ALIGN (0x4)
                [!provide]                        PROVIDE (__fini_array_start = .)
 *(SORT_BY_NAME(.fini_array.*))
 *(.fini_array*)
 .fini_array    0x0000000008003284        0x4 /usr/share/gcc-arm-none-eabi/bin/../lib/gcc/arm-none-eabi/10.3.1/thumb/v7e-m+fp/hard/crtbegin.o
                [!provide]                        PROVIDE (__fini_array_end = .)
                0x0000000008003288                . = ALIGN (0x4)
                0x0000000008003288                _sidata = LOADADDR (.data)

.data           0x0000000020000000       0x1c load address 0x0000000008003288
                0x0000000020000000                . = ALIGN (0x4)
                0x0000000020000000                _sdata = .
 *(.data)
 *(.data*)
 .data.test     0x0000000020000000       0x10 ./Core/App/maincpp.o
                0x0000000020000000                test
 .data.SystemCoreClock
                0x0000000020000010        0x4 ./Core/Src/system_stm32g4xx.o
                0x0000000020000010                SystemCoreClock
 .data.uwTickPrio
                0x0000000020000014        0x4 ./Drivers/STM32G4xx_HAL_Driver/Src/stm32g4xx_hal.o
                0x0000000020000014                uwTickPrio
 .data.uwTickFreq
                0x0000000020000018        0x4 ./Drivers/STM32G4xx_HAL_Driver/Src/stm32g4xx_hal.o
                0x0000000020000018                uwTickFreq
 *(.RamFunc)
 *(.RamFunc*)
                0x000000002000001c                . = ALIGN (0x4)
                0x000000002000001c                _edata = .

.igot.plt       0x000000002000001c        0x0 load address 0x00000000080032a4
 .igot.plt      0x000000002000001c        0x0 /usr/share/gcc-arm-none-eabi/bin/../lib/gcc/arm-none-eabi/10.3.1/thumb/v7e-m+fp/hard/crtbegin.o
                0x000000002000001c                . = ALIGN (0x4)

.bss            0x000000002000001c       0x24 load address 0x00000000080032a4
                0x000000002000001c                _sbss = .
                0x000000002000001c                __bss_start__ = _sbss
 *(.bss)
 .bss           0x000000002000001c       0x1c /usr/share/gcc-arm-none-eabi/bin/../lib/gcc/arm-none-eabi/10.3.1/thumb/v7e-m+fp/hard/crtbegin.o
 *(.bss*)
 .bss.sinTest   0x0000000020000038        0x4 ./Core/App/maincpp.o
                0x0000000020000038                sinTest
 .bss.uwTick    0x000000002000003c        0x4 ./Drivers/STM32G4xx_HAL_Driver/Src/stm32g4xx_hal.o
                0x000000002000003c                uwTick
 *(COMMON)
                0x0000000020000040                . = ALIGN (0x4)
                0x0000000020000040                _ebss = .
                0x0000000020000040                __bss_end__ = _ebss

._user_heap_stack
                0x0000000020000040      0x600 load address 0x00000000080032a4
                0x0000000020000040                . = ALIGN (0x8)
                [!provide]                        PROVIDE (end = .)
                0x0000000020000040                PROVIDE (_end = .)
                0x0000000020000240                . = (. + _Min_Heap_Size)
 *fill*         0x0000000020000040      0x200 
                0x0000000020000640                . = (. + _Min_Stack_Size)
 *fill*         0x0000000020000240      0x400 
                0x0000000020000640                . = ALIGN (0x8)

/DISCARD/
 libc.a(*)
 libm.a(*)
 libgcc.a(*)

.ARM.attributes
                0x0000000000000000       0x30
 *(.ARM.attributes)
 .ARM.attributes
                0x0000000000000000       0x1e /usr/share/gcc-arm-none-eabi/bin/../lib/gcc/arm-none-eabi/10.3.1/thumb/v7e-m+fp/hard/crti.o
 .ARM.attributes
                0x000000000000001e       0x34 /usr/share/gcc-arm-none-eabi/bin/../lib/gcc/arm-none-eabi/10.3.1/thumb/v7e-m+fp/hard/crtbegin.o
 .ARM.attributes
                0x0000000000000052       0x34 ./Core/App/maincpp.o
 .ARM.attributes
                0x0000000000000086       0x34 ./Core/App/testClass.o
 .ARM.attributes
                0x00000000000000ba       0x34 ./Core/Src/main.o
 .ARM.attributes
                0x00000000000000ee       0x34 ./Core/Src/stm32g4xx_hal_msp.o
 .ARM.attributes
                0x0000000000000122       0x34 ./Core/Src/stm32g4xx_it.o
 .ARM.attributes
                0x0000000000000156       0x34 ./Core/Src/system_stm32g4xx.o
 .ARM.attributes
                0x000000000000018a       0x21 ./Core/Startup/startup_stm32g474ccux.o
 .ARM.attributes
                0x00000000000001ab       0x34 ./Drivers/STM32G4xx_HAL_Driver/Src/stm32g4xx_hal.o
 .ARM.attributes
                0x00000000000001df       0x34 ./Drivers/STM32G4xx_HAL_Driver/Src/stm32g4xx_hal_cortex.o
 .ARM.attributes
                0x0000000000000213       0x34 ./Drivers/STM32G4xx_HAL_Driver/Src/stm32g4xx_hal_pwr_ex.o
 .ARM.attributes
                0x0000000000000247       0x34 ./Drivers/STM32G4xx_HAL_Driver/Src/stm32g4xx_hal_rcc.o
 .ARM.attributes
                0x000000000000027b       0x34 ./Drivers/STM32G4xx_HAL_Driver/Src/stm32g4xx_ll_gpio.o
 .ARM.attributes
                0x00000000000002af       0x34 /usr/share/gcc-arm-none-eabi/bin/../lib/gcc/arm-none-eabi/10.3.1/../../../../arm-none-eabi/lib/thumb/v7e-m+fp/hard/libm.a(lib_a-sf_sin.o)
 .ARM.attributes
                0x00000000000002e3       0x34 /usr/share/gcc-arm-none-eabi/bin/../lib/gcc/arm-none-eabi/10.3.1/../../../../arm-none-eabi/lib/thumb/v7e-m+fp/hard/libm.a(lib_a-ef_rem_pio2.o)
 .ARM.attributes
                0x0000000000000317       0x34 /usr/share/gcc-arm-none-eabi/bin/../lib/gcc/arm-none-eabi/10.3.1/../../../../arm-none-eabi/lib/thumb/v7e-m+fp/hard/libm.a(lib_a-kf_cos.o)
 .ARM.attributes
                0x000000000000034b       0x34 /usr/share/gcc-arm-none-eabi/bin/../lib/gcc/arm-none-eabi/10.3.1/../../../../arm-none-eabi/lib/thumb/v7e-m+fp/hard/libm.a(lib_a-kf_rem_pio2.o)
 .ARM.attributes
                0x000000000000037f       0x34 /usr/share/gcc-arm-none-eabi/bin/../lib/gcc/arm-none-eabi/10.3.1/../../../../arm-none-eabi/lib/thumb/v7e-m+fp/hard/libm.a(lib_a-kf_sin.o)
 .ARM.attributes
                0x00000000000003b3       0x34 /usr/share/gcc-arm-none-eabi/bin/../lib/gcc/arm-none-eabi/10.3.1/../../../../arm-none-eabi/lib/thumb/v7e-m+fp/hard/libm.a(lib_a-sf_fabs.o)
 .ARM.attributes
                0x00000000000003e7       0x34 /usr/share/gcc-arm-none-eabi/bin/../lib/gcc/arm-none-eabi/10.3.1/../../../../arm-none-eabi/lib/thumb/v7e-m+fp/hard/libm.a(lib_a-sf_floor.o)
 .ARM.attributes
                0x000000000000041b       0x34 /usr/share/gcc-arm-none-eabi/bin/../lib/gcc/arm-none-eabi/10.3.1/../../../../arm-none-eabi/lib/thumb/v7e-m+fp/hard/libm.a(lib_a-sf_scalbn.o)
 .ARM.attributes
                0x000000000000044f       0x34 /usr/share/gcc-arm-none-eabi/bin/../lib/gcc/arm-none-eabi/10.3.1/../../../../arm-none-eabi/lib/thumb/v7e-m+fp/hard/libc_nano.a(lib_a-init.o)
 .ARM.attributes
                0x0000000000000483       0x34 /usr/share/gcc-arm-none-eabi/bin/../lib/gcc/arm-none-eabi/10.3.1/../../../../arm-none-eabi/lib/thumb/v7e-m+fp/hard/libc_nano.a(lib_a-memset.o)
 .ARM.attributes
                0x00000000000004b7       0x1e /usr/share/gcc-arm-none-eabi/bin/../lib/gcc/arm-none-eabi/10.3.1/thumb/v7e-m+fp/hard/libgcc.a(_arm_addsubdf3.o)
 .ARM.attributes
                0x00000000000004d5       0x1e /usr/share/gcc-arm-none-eabi/bin/../lib/gcc/arm-none-eabi/10.3.1/thumb/v7e-m+fp/hard/libgcc.a(_arm_cmpdf2.o)
 .ARM.attributes
                0x00000000000004f3       0x1e /usr/share/gcc-arm-none-eabi/bin/../lib/gcc/arm-none-eabi/10.3.1/thumb/v7e-m+fp/hard/crtn.o
OUTPUT(STMViewer_test.elf elf32-littlearm)
LOAD linker stubs
LOAD /usr/share/gcc-arm-none-eabi/bin/../lib/gcc/arm-none-eabi/10.3.1/../../../../arm-none-eabi/lib/thumb/v7e-m+fp/hard/libc.a
LOAD /usr/share/gcc-arm-none-eabi/bin/../lib/gcc/arm-none-eabi/10.3.1/../../../../arm-none-eabi/lib/thumb/v7e-m+fp/hard/libm.a
LOAD /usr/share/gcc-arm-none-eabi/bin/../lib/gcc/arm-none-eabi/10.3.1/thumb/v7e-m+fp/hard/libgcc.a

.debug_info     0x0000000000000000     0x68b4
 .debug_info    0x0000000000000000      0x3ab ./Core/App/maincpp.o
 .debug_info    0x00000000000003ab     0x1974 ./Core/App/testClass.o
 .debug_info    0x0000000000001d1f      0x6fc ./Core/Src/main.o
 .debug_info    0x000000000000241b      0x368 ./Core/Src/stm32g4xx_hal_msp.o
 .debug_info    0x0000000000002783      0x15d ./Core/Src/stm32g4xx_it.o
 .debug_info    0x00000000000028e0      0x59f ./Core/Src/system_stm32g4xx.o
 .debug_info    0x0000000000002e7f       0x22 ./Core/Startup/startup_stm32g474ccux.o
 .debug_info    0x0000000000002ea1      0xb62 ./Drivers/STM32G4xx_HAL_Driver/Src/stm32g4xx_hal.o
 .debug_info    0x0000000000003a03      0xe96 ./Drivers/STM32G4xx_HAL_Driver/Src/stm32g4xx_hal_cortex.o
 .debug_info    0x0000000000004899      0x97a ./Drivers/STM32G4xx_HAL_Driver/Src/stm32g4xx_hal_pwr_ex.o
 .debug_info    0x0000000000005213      0xc8d ./Drivers/STM32G4xx_HAL_Driver/Src/stm32g4xx_hal_rcc.o
 .debug_info    0x0000000000005ea0      0xa14 ./Drivers/STM32G4xx_HAL_Driver/Src/stm32g4xx_ll_gpio.o

.debug_abbrev   0x0000000000000000     0x13fa
 .debug_abbrev  0x0000000000000000      0x194 ./Core/App/maincpp.o
 .debug_abbrev  0x0000000000000194      0x212 ./Core/App/testClass.o
 .debug_abbrev  0x00000000000003a6      0x1e0 ./Core/Src/main.o
 .debug_abbrev  0x0000000000000586       0xdb ./Core/Src/stm32g4xx_hal_msp.o
 .debug_abbrev  0x0000000000000661       0x9a ./Core/Src/stm32g4xx_it.o
 .debug_abbrev  0x00000000000006fb      0x116 ./Core/Src/system_stm32g4xx.o
 .debug_abbrev  0x0000000000000811       0x12 ./Core/Startup/startup_stm32g474ccux.o
 .debug_abbrev  0x0000000000000823      0x21a ./Drivers/STM32G4xx_HAL_Driver/Src/stm32g4xx_hal.o
 .debug_abbrev  0x0000000000000a3d      0x30d ./Drivers/STM32G4xx_HAL_Driver/Src/stm32g4xx_hal_cortex.o
 .debug_abbrev  0x0000000000000d4a      0x234 ./Drivers/STM32G4xx_HAL_Driver/Src/stm32g4xx_hal_pwr_ex.o
 .debug_abbrev  0x0000000000000f7e      0x259 ./Drivers/STM32G4xx_HAL_Driver/Src/stm32g4xx_hal_rcc.o
 .debug_abbrev  0x00000000000011d7      0x223 ./Drivers/STM32G4xx_HAL_Driver/Src/stm32g4xx_ll_gpio.o

.debug_aranges  0x0000000000000000      0x5f0
 .debug_aranges
                0x0000000000000000       0x20 ./Core/App/maincpp.o
 .debug_aranges
                0x0000000000000020       0x20 ./Core/App/testClass.o
 .debug_aranges
                0x0000000000000040       0x50 ./Core/Src/main.o
 .debug_aranges
                0x0000000000000090       0x20 ./Core/Src/stm32g4xx_hal_msp.o
 .debug_aranges
                0x00000000000000b0       0x60 ./Core/Src/stm32g4xx_it.o
 .debug_aranges
                0x0000000000000110       0x28 ./Core/Src/system_stm32g4xx.o
 .debug_aranges
                0x0000000000000138       0x28 ./Core/Startup/startup_stm32g474ccux.o
 .debug_aranges
                0x0000000000000160      0x130 ./Drivers/STM32G4xx_HAL_Driver/Src/stm32g4xx_hal.o
 .debug_aranges
                0x0000000000000290      0x118 ./Drivers/STM32G4xx_HAL_Driver/Src/stm32g4xx_hal_cortex.o
 .debug_aranges
                0x00000000000003a8      0x140 ./Drivers/STM32G4xx_HAL_Driver/Src/stm32g4xx_hal_pwr_ex.o
 .debug_aranges
                0x00000000000004e8       0x98 ./Drivers/STM32G4xx_HAL_Driver/Src/stm32g4xx_hal_rcc.o
 .debug_aranges
                0x0000000000000580       0x70 ./Drivers/STM32G4xx_HAL_Driver/Src/stm32g4xx_ll_gpio.o

.debug_ranges   0x0000000000000000      0x538
 .debug_ranges  0x0000000000000000       0x10 ./Core/App/maincpp.o
 .debug_ranges  0x0000000000000010       0x10 ./Core/App/testClass.o
 .debug_ranges  0x0000000000000020       0x40 ./Core/Src/main.o
 .debug_ranges  0x0000000000000060       0x10 ./Core/Src/stm32g4xx_hal_msp.o
 .debug_ranges  0x0000000000000070       0x50 ./Core/Src/stm32g4xx_it.o
 .debug_ranges  0x00000000000000c0       0x18 ./Core/Src/system_stm32g4xx.o
 .debug_ranges  0x00000000000000d8       0x20 ./Core/Startup/startup_stm32g474ccux.o
 .debug_ranges  0x00000000000000f8      0x120 ./Drivers/STM32G4xx_HAL_Driver/Src/stm32g4xx_hal.o
 .debug_ranges  0x0000000000000218      0x108 ./Drivers/STM32G4xx_HAL_Driver/Src/stm32g4xx_hal_cortex.o
 .debug_ranges  0x0000000000000320      0x130 ./Drivers/STM32G4xx_HAL_Driver/Src/stm32g4xx_hal_pwr_ex.o
 .debug_ranges  0x0000000000000450       0x88 ./Drivers/STM32G4xx_HAL_Driver/Src/stm32g4xx_hal_rcc.o
 .debug_ranges  0x00000000000004d8       0x60 ./Drivers/STM32G4xx_HAL_Driver/Src/stm32g4xx_ll_gpio.o

.debug_macro    0x0000000000000000    0x284da
 .debug_macro   0x0000000000000000      0x22d ./Core/App/maincpp.o
 .debug_macro   0x000000000000022d      0xb56 ./Core/App/maincpp.o
 .debug_macro   0x0000000000000d83       0x2e ./Core/App/maincpp.o
 .debug_macro   0x0000000000000db1      0x156 ./Core/App/maincpp.o
 .debug_macro   0x0000000000000f07       0x2e ./Core/App/maincpp.o
 .debug_macro   0x0000000000000f35       0x28 ./Core/App/maincpp.o
 .debug_macro   0x0000000000000f5d       0x1c ./Core/App/maincpp.o
 .debug_macro   0x0000000000000f79       0x22 ./Core/App/maincpp.o
 .debug_macro   0x0000000000000f9b       0x8e ./Core/App/maincpp.o
 .debug_macro   0x0000000000001029       0x51 ./Core/App/maincpp.o
 .debug_macro   0x000000000000107a      0x103 ./Core/App/maincpp.o
 .debug_macro   0x000000000000117d       0x6a ./Core/App/maincpp.o
 .debug_macro   0x00000000000011e7      0x1df ./Core/App/maincpp.o
 .debug_macro   0x00000000000013c6       0x1c ./Core/App/maincpp.o
 .debug_macro   0x00000000000013e2       0x22 ./Core/App/maincpp.o
 .debug_macro   0x0000000000001404       0xfb ./Core/App/maincpp.o
 .debug_macro   0x00000000000014ff     0x1011 ./Core/App/maincpp.o
 .debug_macro   0x0000000000002510      0x11f ./Core/App/maincpp.o
 .debug_macro   0x000000000000262f    0x18b93 ./Core/App/maincpp.o
 .debug_macro   0x000000000001b1c2       0x6d ./Core/App/maincpp.o
 .debug_macro   0x000000000001b22f     0x3554 ./Core/App/maincpp.o
 .debug_macro   0x000000000001e783      0x17b ./Core/App/maincpp.o
 .debug_macro   0x000000000001e8fe       0x5c ./Core/App/maincpp.o
 .debug_macro   0x000000000001e95a     0x171f ./Core/App/maincpp.o
 .debug_macro   0x0000000000020079      0x600 ./Core/App/maincpp.o
 .debug_macro   0x0000000000020679      0x1b6 ./Core/App/maincpp.o
 .debug_macro   0x000000000002082f      0x34a ./Core/App/maincpp.o
 .debug_macro   0x0000000000020b79      0x53c ./Core/App/maincpp.o
 .debug_macro   0x00000000000210b5      0x18b ./Core/App/maincpp.o
 .debug_macro   0x0000000000021240       0x43 ./Core/App/maincpp.o
 .debug_macro   0x0000000000021283      0x23d ./Core/App/maincpp.o
 .debug_macro   0x00000000000214c0      0x211 ./Core/App/maincpp.o
 .debug_macro   0x00000000000216d1      0x45c ./Core/App/maincpp.o
 .debug_macro   0x0000000000021b2d      0x11c ./Core/App/maincpp.o
 .debug_macro   0x0000000000021c49      0x122 ./Core/App/maincpp.o
 .debug_macro   0x0000000000021d6b      0x3d1 ./Core/App/maincpp.o
 .debug_macro   0x000000000002213c      0x358 ./Core/App/maincpp.o
 .debug_macro   0x0000000000022494      0x34f ./Core/App/maincpp.o
 .debug_macro   0x00000000000227e3      0x169 ./Core/App/maincpp.o
 .debug_macro   0x000000000002294c      0x178 ./Core/App/maincpp.o
 .debug_macro   0x0000000000022ac4      0x1d0 ./Core/App/maincpp.o
 .debug_macro   0x0000000000022c94      0x1a6 ./Core/App/maincpp.o
 .debug_macro   0x0000000000022e3a      0x652 ./Core/App/maincpp.o
 .debug_macro   0x000000000002348c       0x84 ./Core/App/maincpp.o
 .debug_macro   0x0000000000023510      0x231 ./Core/App/maincpp.o
 .debug_macro   0x0000000000023741      0x63e ./Core/App/maincpp.o
 .debug_macro   0x0000000000023d7f      0x2cc ./Core/App/maincpp.o
 .debug_macro   0x000000000002404b       0x1c ./Core/App/maincpp.o
 .debug_macro   0x0000000000024067      0x366 ./Core/App/testClass.o
 .debug_macro   0x00000000000243cd      0x18a ./Core/App/testClass.o
 .debug_macro   0x0000000000024557       0x10 ./Core/App/testClass.o
 .debug_macro   0x0000000000024567      0x3d1 ./Core/App/testClass.o
 .debug_macro   0x0000000000024938       0x18 ./Core/App/testClass.o
 .debug_macro   0x0000000000024950       0x52 ./Core/App/testClass.o
 .debug_macro   0x00000000000249a2       0x1e ./Core/App/testClass.o
 .debug_macro   0x00000000000249c0       0x3c ./Core/App/testClass.o
 .debug_macro   0x00000000000249fc       0x34 ./Core/App/testClass.o
 .debug_macro   0x0000000000024a30       0x16 ./Core/App/testClass.o
 .debug_macro   0x0000000000024a46       0x43 ./Core/App/testClass.o
 .debug_macro   0x0000000000024a89       0x34 ./Core/App/testClass.o
 .debug_macro   0x0000000000024abd       0x10 ./Core/App/testClass.o
 .debug_macro   0x0000000000024acd       0x58 ./Core/App/testClass.o
 .debug_macro   0x0000000000024b25       0x71 ./Core/App/testClass.o
 .debug_macro   0x0000000000024b96       0x16 ./Core/App/testClass.o
 .debug_macro   0x0000000000024bac      0x12a ./Core/App/testClass.o
 .debug_macro   0x0000000000024cd6      0x364 ./Core/App/testClass.o
 .debug_macro   0x000000000002503a      0x194 ./Core/App/testClass.o
 .debug_macro   0x00000000000251ce       0x10 ./Core/App/testClass.o
 .debug_macro   0x00000000000251de       0x16 ./Core/App/testClass.o
 .debug_macro   0x00000000000251f4       0x35 ./Core/App/testClass.o
 .debug_macro   0x0000000000025229       0x16 ./Core/App/testClass.o
 .debug_macro   0x000000000002523f       0x29 ./Core/App/testClass.o
 .debug_macro   0x0000000000025268       0x10 ./Core/App/testClass.o
 .debug_macro   0x0000000000025278      0x3c7 ./Core/App/testClass.o
 .debug_macro   0x000000000002563f      0x21e ./Core/Src/main.o
 .debug_macro   0x000000000002585d      0xa7e ./Core/Src/main.o
 .debug_macro   0x00000000000262db     0x1011 ./Core/Src/main.o
 .debug_macro   0x00000000000272ec      0x174 ./Core/Src/main.o
 .debug_macro   0x0000000000027460      0x215 ./Core/Src/stm32g4xx_hal_msp.o
 .debug_macro   0x0000000000027675      0x21f ./Core/Src/stm32g4xx_it.o
 .debug_macro   0x0000000000027894      0x1a6 ./Core/Src/system_stm32g4xx.o
 .debug_macro   0x0000000000027a3a      0x1f4 ./Drivers/STM32G4xx_HAL_Driver/Src/stm32g4xx_hal.o
 .debug_macro   0x0000000000027c2e      0x1a6 ./Drivers/STM32G4xx_HAL_Driver/Src/stm32g4xx_hal_cortex.o
 .debug_macro   0x0000000000027dd4      0x1d0 ./Drivers/STM32G4xx_HAL_Driver/Src/stm32g4xx_hal_pwr_ex.o
 .debug_macro   0x0000000000027fa4      0x1e8 ./Drivers/STM32G4xx_HAL_Driver/Src/stm32g4xx_hal_rcc.o
 .debug_macro   0x000000000002818c      0x1eb ./Drivers/STM32G4xx_HAL_Driver/Src/stm32g4xx_ll_gpio.o
 .debug_macro   0x0000000000028377      0x163 ./Drivers/STM32G4xx_HAL_Driver/Src/stm32g4xx_ll_gpio.o

.debug_line     0x0000000000000000     0x5d21
 .debug_line    0x0000000000000000      0x5a9 ./Core/App/maincpp.o
 .debug_line    0x00000000000005a9      0x80d ./Core/App/testClass.o
 .debug_line    0x0000000000000db6      0x6c7 ./Core/Src/main.o
 .debug_line    0x000000000000147d      0x577 ./Core/Src/stm32g4xx_hal_msp.o
 .debug_line    0x00000000000019f4      0x63a ./Core/Src/stm32g4xx_it.o
 .debug_line    0x000000000000202e      0x4f8 ./Core/Src/system_stm32g4xx.o
 .debug_line    0x0000000000002526       0x89 ./Core/Startup/startup_stm32g474ccux.o
 .debug_line    0x00000000000025af      0x8b7 ./Drivers/STM32G4xx_HAL_Driver/Src/stm32g4xx_hal.o
 .debug_line    0x0000000000002e66      0xbe2 ./Drivers/STM32G4xx_HAL_Driver/Src/stm32g4xx_hal_cortex.o
 .debug_line    0x0000000000003a48      0xb58 ./Drivers/STM32G4xx_HAL_Driver/Src/stm32g4xx_hal_pwr_ex.o
 .debug_line    0x00000000000045a0      0xec6 ./Drivers/STM32G4xx_HAL_Driver/Src/stm32g4xx_hal_rcc.o
 .debug_line    0x0000000000005466      0x8bb ./Drivers/STM32G4xx_HAL_Driver/Src/stm32g4xx_ll_gpio.o

.debug_str      0x0000000000000000    0xf10c2
 .debug_str     0x0000000000000000    0xe8ee1 ./Core/App/maincpp.o
                                      0xe9df0 (size before relaxing)
 .debug_str     0x00000000000e8ee1     0x5a54 ./Core/App/testClass.o
                                      0xef7b1 (size before relaxing)
 .debug_str     0x00000000000ee935      0x550 ./Core/Src/main.o
                                      0xe9b8c (size before relaxing)
 .debug_str     0x00000000000eee85       0x2c ./Core/Src/stm32g4xx_hal_msp.o
                                      0xe9819 (size before relaxing)
 .debug_str     0x00000000000eeeb1       0xbd ./Core/Src/stm32g4xx_it.o
                                      0xe973d (size before relaxing)
 .debug_str     0x00000000000eef6e       0xdb ./Core/Src/system_stm32g4xx.o
                                      0xdce83 (size before relaxing)
 .debug_str     0x00000000000ef049       0x36 ./Core/Startup/startup_stm32g474ccux.o
                                         0x69 (size before relaxing)
 .debug_str     0x00000000000ef07f      0xbec ./Drivers/STM32G4xx_HAL_Driver/Src/stm32g4xx_hal.o
                                      0xddb31 (size before relaxing)
 .debug_str     0x00000000000efc6b      0x39a ./Drivers/STM32G4xx_HAL_Driver/Src/stm32g4xx_hal_cortex.o
                                      0xdd82d (size before relaxing)
 .debug_str     0x00000000000f0005      0x519 ./Drivers/STM32G4xx_HAL_Driver/Src/stm32g4xx_hal_pwr_ex.o
                                      0xdd35d (size before relaxing)
 .debug_str     0x00000000000f051e      0x521 ./Drivers/STM32G4xx_HAL_Driver/Src/stm32g4xx_hal_rcc.o
                                      0xdd58f (size before relaxing)
 .debug_str     0x00000000000f0a3f      0x683 ./Drivers/STM32G4xx_HAL_Driver/Src/stm32g4xx_ll_gpio.o
                                      0xde908 (size before relaxing)

.comment        0x0000000000000000       0x49
 .comment       0x0000000000000000       0x49 ./Core/App/maincpp.o
                                         0x4a (size before relaxing)
 .comment       0x0000000000000049       0x4a ./Core/App/testClass.o
 .comment       0x0000000000000049       0x4a ./Core/Src/main.o
 .comment       0x0000000000000049       0x4a ./Core/Src/stm32g4xx_hal_msp.o
 .comment       0x0000000000000049       0x4a ./Core/Src/stm32g4xx_it.o
 .comment       0x0000000000000049       0x4a ./Core/Src/system_stm32g4xx.o
 .comment       0x0000000000000049       0x4a ./Drivers/STM32G4xx_HAL_Driver/Src/stm32g4xx_hal.o
 .comment       0x0000000000000049       0x4a ./Drivers/STM32G4xx_HAL_Driver/Src/stm32g4xx_hal_cortex.o
 .comment       0x0000000000000049       0x4a ./Drivers/STM32G4xx_HAL_Driver/Src/stm32g4xx_hal_pwr_ex.o
 .comment       0x0000000000000049       0x4a ./Drivers/STM32G4xx_HAL_Driver/Src/stm32g4xx_hal_rcc.o
 .comment       0x0000000000000049       0x4a ./Drivers/STM32G4xx_HAL_Driver/Src/stm32g4xx_ll_gpio.o

.debug_frame    0x0000000000000000     0x1838
 .debug_frame   0x0000000000000000       0x30 ./Core/App/maincpp.o
 .debug_frame   0x0000000000000030       0x34 ./Core/App/testClass.o
 .debug_frame   0x0000000000000064      0x104 ./Core/Src/main.o
 .debug_frame   0x0000000000000168       0x38 ./Core/Src/stm32g4xx_hal_msp.o
 .debug_frame   0x00000000000001a0      0x104 ./Core/Src/stm32g4xx_it.o
 .debug_frame   0x00000000000002a4       0x58 ./Core/Src/system_stm32g4xx.o
 .debug_frame   0x00000000000002fc      0x490 ./Drivers/STM32G4xx_HAL_Driver/Src/stm32g4xx_hal.o
 .debug_frame   0x000000000000078c      0x494 ./Drivers/STM32G4xx_HAL_Driver/Src/stm32g4xx_hal_cortex.o
 .debug_frame   0x0000000000000c20      0x4dc ./Drivers/STM32G4xx_HAL_Driver/Src/stm32g4xx_hal_pwr_ex.o
 .debug_frame   0x00000000000010fc      0x234 ./Drivers/STM32G4xx_HAL_Driver/Src/stm32g4xx_hal_rcc.o
 .debug_frame   0x0000000000001330      0x1c4 ./Drivers/STM32G4xx_HAL_Driver/Src/stm32g4xx_ll_gpio.o
 .debug_frame   0x00000000000014f4       0x34 /usr/share/gcc-arm-none-eabi/bin/../lib/gcc/arm-none-eabi/10.3.1/../../../../arm-none-eabi/lib/thumb/v7e-m+fp/hard/libm.a(lib_a-sf_sin.o)
 .debug_frame   0x0000000000001528       0x3c /usr/share/gcc-arm-none-eabi/bin/../lib/gcc/arm-none-eabi/10.3.1/../../../../arm-none-eabi/lib/thumb/v7e-m+fp/hard/libm.a(lib_a-ef_rem_pio2.o)
 .debug_frame   0x0000000000001564       0x20 /usr/share/gcc-arm-none-eabi/bin/../lib/gcc/arm-none-eabi/10.3.1/../../../../arm-none-eabi/lib/thumb/v7e-m+fp/hard/libm.a(lib_a-kf_cos.o)
 .debug_frame   0x0000000000001584       0x5c /usr/share/gcc-arm-none-eabi/bin/../lib/gcc/arm-none-eabi/10.3.1/../../../../arm-none-eabi/lib/thumb/v7e-m+fp/hard/libm.a(lib_a-kf_rem_pio2.o)
 .debug_frame   0x00000000000015e0       0x20 /usr/share/gcc-arm-none-eabi/bin/../lib/gcc/arm-none-eabi/10.3.1/../../../../arm-none-eabi/lib/thumb/v7e-m+fp/hard/libm.a(lib_a-kf_sin.o)
 .debug_frame   0x0000000000001600       0x20 /usr/share/gcc-arm-none-eabi/bin/../lib/gcc/arm-none-eabi/10.3.1/../../../../arm-none-eabi/lib/thumb/v7e-m+fp/hard/libm.a(lib_a-sf_fabs.o)
 .debug_frame   0x0000000000001620       0x20 /usr/share/gcc-arm-none-eabi/bin/../lib/gcc/arm-none-eabi/10.3.1/../../../../arm-none-eabi/lib/thumb/v7e-m+fp/hard/libm.a(lib_a-sf_floor.o)
 .debug_frame   0x0000000000001640       0x3c /usr/share/gcc-arm-none-eabi/bin/../lib/gcc/arm-none-eabi/10.3.1/../../../../arm-none-eabi/lib/thumb/v7e-m+fp/hard/libm.a(lib_a-sf_scalbn.o)
 .debug_frame   0x000000000000167c       0x2c /usr/share/gcc-arm-none-eabi/bin/../lib/gcc/arm-none-eabi/10.3.1/../../../../arm-none-eabi/lib/thumb/v7e-m+fp/hard/libc_nano.a(lib_a-init.o)
 .debug_frame   0x00000000000016a8       0x20 /usr/share/gcc-arm-none-eabi/bin/../lib/gcc/arm-none-eabi/10.3.1/../../../../arm-none-eabi/lib/thumb/v7e-m+fp/hard/libc_nano.a(lib_a-memset.o)
 .debug_frame   0x00000000000016c8       0xac /usr/share/gcc-arm-none-eabi/bin/../lib/gcc/arm-none-eabi/10.3.1/thumb/v7e-m+fp/hard/libgcc.a(_arm_addsubdf3.o)
 .debug_frame   0x0000000000001774       0xc4 /usr/share/gcc-arm-none-eabi/bin/../lib/gcc/arm-none-eabi/10.3.1/thumb/v7e-m+fp/hard/libgcc.a(_arm_cmpdf2.o)
