../Drivers/STM32G4xx_HAL_Driver/Inc/stm32g4xx_ll_exti.h:312:22:LL_EXTI_EnableIT_0_31	16	static
../Drivers/STM32G4xx_HAL_Driver/Inc/stm32g4xx_ll_exti.h:338:22:LL_EXTI_EnableIT_32_63	16	static
../Drivers/STM32G4xx_HAL_Driver/Inc/stm32g4xx_ll_exti.h:387:22:LL_EXTI_DisableIT_0_31	16	static
../Drivers/STM32G4xx_HAL_Driver/Inc/stm32g4xx_ll_exti.h:414:22:LL_EXTI_DisableIT_32_63	16	static
../Drivers/STM32G4xx_HAL_Driver/Inc/stm32g4xx_ll_exti.h:544:22:LL_EXTI_EnableEvent_0_31	16	static
../Drivers/STM32G4xx_HAL_Driver/Inc/stm32g4xx_ll_exti.h:569:22:LL_EXTI_EnableEvent_32_63	16	static
../Drivers/STM32G4xx_HAL_Driver/Inc/stm32g4xx_ll_exti.h:615:22:LL_EXTI_DisableEvent_0_31	16	static
../Drivers/STM32G4xx_HAL_Driver/Inc/stm32g4xx_ll_exti.h:639:22:LL_EXTI_DisableEvent_32_63	16	static
../Drivers/STM32G4xx_HAL_Driver/Inc/stm32g4xx_ll_exti.h:763:22:LL_EXTI_EnableRisingTrig_0_31	16	static
../Drivers/STM32G4xx_HAL_Driver/Inc/stm32g4xx_ll_exti.h:788:22:LL_EXTI_EnableRisingTrig_32_63	16	static
../Drivers/STM32G4xx_HAL_Driver/Inc/stm32g4xx_ll_exti.h:833:22:LL_EXTI_DisableRisingTrig_0_31	16	static
../Drivers/STM32G4xx_HAL_Driver/Inc/stm32g4xx_ll_exti.h:859:22:LL_EXTI_DisableRisingTrig_32_63	16	static
../Drivers/STM32G4xx_HAL_Driver/Inc/stm32g4xx_ll_exti.h:968:22:LL_EXTI_EnableFallingTrig_0_31	16	static
../Drivers/STM32G4xx_HAL_Driver/Inc/stm32g4xx_ll_exti.h:993:22:LL_EXTI_EnableFallingTrig_32_63	16	static
../Drivers/STM32G4xx_HAL_Driver/Inc/stm32g4xx_ll_exti.h:1037:22:LL_EXTI_DisableFallingTrig_0_31	16	static
../Drivers/STM32G4xx_HAL_Driver/Inc/stm32g4xx_ll_exti.h:1061:22:LL_EXTI_DisableFallingTrig_32_63	16	static
../Drivers/STM32G4xx_HAL_Driver/Src/stm32g4xx_ll_exti.c:79:10:LL_EXTI_DeInit	4	static
../Drivers/STM32G4xx_HAL_Driver/Src/stm32g4xx_ll_exti.c:121:10:LL_EXTI_Init	24	static
../Drivers/STM32G4xx_HAL_Driver/Src/stm32g4xx_ll_exti.c:268:6:LL_EXTI_StructInit	16	static
