../Drivers/STM32G4xx_HAL_Driver/Src/stm32g4xx_hal_pwr.c:86:6:HAL_PWR_DeInit	4	static
../Drivers/STM32G4xx_HAL_Driver/Src/stm32g4xx_hal_pwr.c:104:6:HAL_PWR_EnableBkUpAccess	4	static
../Drivers/STM32G4xx_HAL_Driver/Src/stm32g4xx_hal_pwr.c:114:6:HAL_PWR_DisableBkUpAccess	4	static
../Drivers/STM32G4xx_HAL_Driver/Src/stm32g4xx_hal_pwr.c:308:19:HAL_PWR_ConfigPVD	16	static
../Drivers/STM32G4xx_HAL_Driver/Src/stm32g4xx_hal_pwr.c:354:6:HAL_PWR_EnablePVD	4	static
../Drivers/STM32G4xx_HAL_Driver/Src/stm32g4xx_hal_pwr.c:363:6:HAL_PWR_DisablePVD	4	static
../Drivers/STM32G4xx_HAL_Driver/Src/stm32g4xx_hal_pwr.c:388:6:HAL_PWR_EnableWakeUpPin	16	static
../Drivers/STM32G4xx_HAL_Driver/Src/stm32g4xx_hal_pwr.c:409:6:HAL_PWR_DisableWakeUpPin	16	static
../Drivers/STM32G4xx_HAL_Driver/Src/stm32g4xx_hal_pwr.c:441:6:HAL_PWR_EnterSLEEPMode	16	static
../Drivers/STM32G4xx_HAL_Driver/Src/stm32g4xx_hal_pwr.c:516:6:HAL_PWR_EnterSTOPMode	16	static
../Drivers/STM32G4xx_HAL_Driver/Src/stm32g4xx_hal_pwr.c:549:6:HAL_PWR_EnterSTANDBYMode	4	static
../Drivers/STM32G4xx_HAL_Driver/Src/stm32g4xx_hal_pwr.c:575:6:HAL_PWR_EnableSleepOnExit	4	static
../Drivers/STM32G4xx_HAL_Driver/Src/stm32g4xx_hal_pwr.c:588:6:HAL_PWR_DisableSleepOnExit	4	static
../Drivers/STM32G4xx_HAL_Driver/Src/stm32g4xx_hal_pwr.c:602:6:HAL_PWR_EnableSEVOnPend	4	static
../Drivers/STM32G4xx_HAL_Driver/Src/stm32g4xx_hal_pwr.c:615:6:HAL_PWR_DisableSEVOnPend	4	static
../Drivers/STM32G4xx_HAL_Driver/Src/stm32g4xx_hal_pwr.c:629:13:HAL_PWR_PVDCallback	4	static
