../Drivers/STM32G4xx_HAL_Driver/Src/stm32g4xx_hal.c:148:19:HAL_Init	16	static
../Drivers/STM32G4xx_HAL_Driver/Src/stm32g4xx_hal.c:192:19:HAL_DeInit	8	static
../Drivers/STM32G4xx_HAL_Driver/Src/stm32g4xx_hal.c:221:13:HAL_MspInit	4	static
../Drivers/STM32G4xx_HAL_Driver/Src/stm32g4xx_hal.c:232:13:HAL_MspDeInit	4	static
../Drivers/STM32G4xx_HAL_Driver/Src/stm32g4xx_hal.c:255:26:HAL_InitTick	24	static
../Drivers/STM32G4xx_HAL_Driver/Src/stm32g4xx_hal.c:322:13:HAL_IncTick	4	static
../Drivers/STM32G4xx_HAL_Driver/Src/stm32g4xx_hal.c:333:17:HAL_GetTick	4	static
../Drivers/STM32G4xx_HAL_Driver/Src/stm32g4xx_hal.c:342:10:HAL_GetTickPrio	4	static
../Drivers/STM32G4xx_HAL_Driver/Src/stm32g4xx_hal.c:351:19:HAL_SetTickFreq	24	static
../Drivers/STM32G4xx_HAL_Driver/Src/stm32g4xx_hal.c:383:10:HAL_GetTickFreq	4	static
../Drivers/STM32G4xx_HAL_Driver/Src/stm32g4xx_hal.c:399:13:HAL_Delay	24	static
../Drivers/STM32G4xx_HAL_Driver/Src/stm32g4xx_hal.c:425:13:HAL_SuspendTick	4	static
../Drivers/STM32G4xx_HAL_Driver/Src/stm32g4xx_hal.c:441:13:HAL_ResumeTick	4	static
../Drivers/STM32G4xx_HAL_Driver/Src/stm32g4xx_hal.c:451:10:HAL_GetHalVersion	4	static
../Drivers/STM32G4xx_HAL_Driver/Src/stm32g4xx_hal.c:460:10:HAL_GetREVID	4	static
../Drivers/STM32G4xx_HAL_Driver/Src/stm32g4xx_hal.c:469:10:HAL_GetDEVID	4	static
../Drivers/STM32G4xx_HAL_Driver/Src/stm32g4xx_hal.c:498:6:HAL_DBGMCU_EnableDBGSleepMode	4	static
../Drivers/STM32G4xx_HAL_Driver/Src/stm32g4xx_hal.c:507:6:HAL_DBGMCU_DisableDBGSleepMode	4	static
../Drivers/STM32G4xx_HAL_Driver/Src/stm32g4xx_hal.c:516:6:HAL_DBGMCU_EnableDBGStopMode	4	static
../Drivers/STM32G4xx_HAL_Driver/Src/stm32g4xx_hal.c:525:6:HAL_DBGMCU_DisableDBGStopMode	4	static
../Drivers/STM32G4xx_HAL_Driver/Src/stm32g4xx_hal.c:534:6:HAL_DBGMCU_EnableDBGStandbyMode	4	static
../Drivers/STM32G4xx_HAL_Driver/Src/stm32g4xx_hal.c:543:6:HAL_DBGMCU_DisableDBGStandbyMode	4	static
../Drivers/STM32G4xx_HAL_Driver/Src/stm32g4xx_hal.c:576:6:HAL_SYSCFG_CCMSRAMErase	4	static
../Drivers/STM32G4xx_HAL_Driver/Src/stm32g4xx_hal.c:595:6:HAL_SYSCFG_EnableMemorySwappingBank	4	static
../Drivers/STM32G4xx_HAL_Driver/Src/stm32g4xx_hal.c:610:6:HAL_SYSCFG_DisableMemorySwappingBank	4	static
../Drivers/STM32G4xx_HAL_Driver/Src/stm32g4xx_hal.c:628:6:HAL_SYSCFG_VREFBUF_VoltageScalingConfig	16	static
../Drivers/STM32G4xx_HAL_Driver/Src/stm32g4xx_hal.c:644:6:HAL_SYSCFG_VREFBUF_HighImpedanceConfig	16	static
../Drivers/STM32G4xx_HAL_Driver/Src/stm32g4xx_hal.c:658:6:HAL_SYSCFG_VREFBUF_TrimmingConfig	16	static
../Drivers/STM32G4xx_HAL_Driver/Src/stm32g4xx_hal.c:670:19:HAL_SYSCFG_EnableVREFBUF	16	static
../Drivers/STM32G4xx_HAL_Driver/Src/stm32g4xx_hal.c:696:6:HAL_SYSCFG_DisableVREFBUF	4	static
../Drivers/STM32G4xx_HAL_Driver/Src/stm32g4xx_hal.c:707:6:HAL_SYSCFG_EnableIOSwitchBooster	4	static
../Drivers/STM32G4xx_HAL_Driver/Src/stm32g4xx_hal.c:717:6:HAL_SYSCFG_DisableIOSwitchBooster	4	static
../Drivers/STM32G4xx_HAL_Driver/Src/stm32g4xx_hal.c:727:6:HAL_SYSCFG_EnableIOSwitchVDD	4	static
../Drivers/STM32G4xx_HAL_Driver/Src/stm32g4xx_hal.c:737:6:HAL_SYSCFG_DisableIOSwitchVDD	4	static
../Drivers/STM32G4xx_HAL_Driver/Src/stm32g4xx_hal.c:748:6:HAL_SYSCFG_CCMSRAM_WriteProtectionEnable	16	static
