../Drivers/CMSIS/Include/core_cm4.h:1648:22:__NVIC_SetPriorityGrouping	24	static
../Drivers/CMSIS/Include/core_cm4.h:1667:26:__NVIC_GetPriorityGrouping	4	static
../Drivers/CMSIS/Include/core_cm4.h:1679:22:__NVIC_EnableIRQ	16	static
../Drivers/CMSIS/Include/core_cm4.h:1717:22:__NVIC_DisableIRQ	16	static
../Drivers/CMSIS/Include/core_cm4.h:1736:26:__NVIC_GetPendingIRQ	16	static
../Drivers/CMSIS/Include/core_cm4.h:1755:22:__NVIC_SetPendingIRQ	16	static
../Drivers/CMSIS/Include/core_cm4.h:1770:22:__NVIC_ClearPendingIRQ	16	static
../Drivers/CMSIS/Include/core_cm4.h:1787:26:__NVIC_GetActive	16	static
../Drivers/CMSIS/Include/core_cm4.h:1809:22:__NVIC_SetPriority	16	static
../Drivers/CMSIS/Include/core_cm4.h:1831:26:__NVIC_GetPriority	16	static
../Drivers/CMSIS/Include/core_cm4.h:1856:26:NVIC_EncodePriority	40	static
../Drivers/CMSIS/Include/core_cm4.h:1883:22:NVIC_DecodePriority	40	static
../Drivers/CMSIS/Include/core_cm4.h:1933:34:__NVIC_SystemReset	4	static
../Drivers/CMSIS/Include/core_cm4.h:2017:26:SysTick_Config	16	static
../Drivers/STM32G4xx_HAL_Driver/Src/stm32g4xx_hal_cortex.c:163:6:HAL_NVIC_SetPriorityGrouping	16	static
../Drivers/STM32G4xx_HAL_Driver/Src/stm32g4xx_hal_cortex.c:185:6:HAL_NVIC_SetPriority	32	static
../Drivers/STM32G4xx_HAL_Driver/Src/stm32g4xx_hal_cortex.c:207:6:HAL_NVIC_EnableIRQ	16	static
../Drivers/STM32G4xx_HAL_Driver/Src/stm32g4xx_hal_cortex.c:223:6:HAL_NVIC_DisableIRQ	16	static
../Drivers/STM32G4xx_HAL_Driver/Src/stm32g4xx_hal_cortex.c:236:6:HAL_NVIC_SystemReset	8	static
../Drivers/STM32G4xx_HAL_Driver/Src/stm32g4xx_hal_cortex.c:249:10:HAL_SYSTICK_Config	16	static
../Drivers/STM32G4xx_HAL_Driver/Src/stm32g4xx_hal_cortex.c:277:10:HAL_NVIC_GetPriorityGrouping	8	static
../Drivers/STM32G4xx_HAL_Driver/Src/stm32g4xx_hal_cortex.c:304:6:HAL_NVIC_GetPriority	24	static
../Drivers/STM32G4xx_HAL_Driver/Src/stm32g4xx_hal_cortex.c:319:6:HAL_NVIC_SetPendingIRQ	16	static
../Drivers/STM32G4xx_HAL_Driver/Src/stm32g4xx_hal_cortex.c:337:10:HAL_NVIC_GetPendingIRQ	16	static
../Drivers/STM32G4xx_HAL_Driver/Src/stm32g4xx_hal_cortex.c:353:6:HAL_NVIC_ClearPendingIRQ	16	static
../Drivers/STM32G4xx_HAL_Driver/Src/stm32g4xx_hal_cortex.c:370:10:HAL_NVIC_GetActive	16	static
../Drivers/STM32G4xx_HAL_Driver/Src/stm32g4xx_hal_cortex.c:384:6:HAL_SYSTICK_CLKSourceConfig	16	static
../Drivers/STM32G4xx_HAL_Driver/Src/stm32g4xx_hal_cortex.c:402:6:HAL_SYSTICK_IRQHandler	8	static
../Drivers/STM32G4xx_HAL_Driver/Src/stm32g4xx_hal_cortex.c:411:13:HAL_SYSTICK_Callback	4	static
../Drivers/STM32G4xx_HAL_Driver/Src/stm32g4xx_hal_cortex.c:430:6:HAL_MPU_Enable	16	static
../Drivers/STM32G4xx_HAL_Driver/Src/stm32g4xx_hal_cortex.c:445:6:HAL_MPU_Disable	4	static
../Drivers/STM32G4xx_HAL_Driver/Src/stm32g4xx_hal_cortex.c:461:6:HAL_MPU_ConfigRegion	16	static
